Archive member included to satisfy reference by file (symbol)

/home/martin/Programming/ess/sodium/sodium-1.0.15/lib/libsodium.a(libsodium_la-crypto_secretbox_easy.o)
                              build/main.o (crypto_secretbox_easy)
/home/martin/Programming/ess/sodium/sodium-1.0.15/lib/libsodium.a(libsodium_la-stream_salsa20.o)
                              /home/martin/Programming/ess/sodium/sodium-1.0.15/lib/libsodium.a(libsodium_la-crypto_secretbox_easy.o) (crypto_stream_salsa20)
/home/martin/Programming/ess/sodium/sodium-1.0.15/lib/libsodium.a(libsodium_la-randombytes.o)
                              build/main.o (randombytes_set_implementation)
/home/martin/Programming/ess/sodium/sodium-1.0.15/lib/libsodium.a(libsodium_la-core.o)
                              build/main.o (sodium_init)
/home/martin/Programming/ess/sodium/sodium-1.0.15/lib/libsodium.a(libsodium_la-runtime.o)
                              /home/martin/Programming/ess/sodium/sodium-1.0.15/lib/libsodium.a(libsodium_la-core.o) (_sodium_runtime_get_cpu_features)
/home/martin/Programming/ess/sodium/sodium-1.0.15/lib/libsodium.a(libsodium_la-utils.o)
                              /home/martin/Programming/ess/sodium/sodium-1.0.15/lib/libsodium.a(libsodium_la-crypto_secretbox_easy.o) (sodium_memzero)
/home/martin/Programming/ess/sodium/sodium-1.0.15/lib/libsodium.a(libsodium_la-randombytes_sysrandom.o)
                              /home/martin/Programming/ess/sodium/sodium-1.0.15/lib/libsodium.a(libsodium_la-randombytes.o) (randombytes_sysrandom_implementation)
/home/martin/Programming/ess/sodium/sodium-1.0.15/lib/libsodium.a(libsodium_la-salsa20_ref.o)
                              /home/martin/Programming/ess/sodium/sodium-1.0.15/lib/libsodium.a(libsodium_la-stream_salsa20.o) (crypto_stream_salsa20_ref_implementation)
/home/martin/Programming/ess/sodium/sodium-1.0.15/lib/libsodium.a(libsodium_la-core_hsalsa20_ref2.o)
                              /home/martin/Programming/ess/sodium/sodium-1.0.15/lib/libsodium.a(libsodium_la-crypto_secretbox_easy.o) (crypto_core_hsalsa20)
/home/martin/Programming/ess/sodium/sodium-1.0.15/lib/libsodium.a(libsodium_la-core_salsa_ref.o)
                              /home/martin/Programming/ess/sodium/sodium-1.0.15/lib/libsodium.a(libsodium_la-salsa20_ref.o) (crypto_core_salsa20)
/home/martin/Programming/ess/sodium/sodium-1.0.15/lib/libsodium.a(libsodium_la-onetimeauth_poly1305.o)
                              /home/martin/Programming/ess/sodium/sodium-1.0.15/lib/libsodium.a(libsodium_la-crypto_secretbox_easy.o) (crypto_onetimeauth_poly1305_verify)
/home/martin/Programming/ess/sodium/sodium-1.0.15/lib/libsodium.a(libsodium_la-poly1305_donna.o)
                              /home/martin/Programming/ess/sodium/sodium-1.0.15/lib/libsodium.a(libsodium_la-onetimeauth_poly1305.o) (crypto_onetimeauth_poly1305_donna_implementation)
/home/martin/Programming/ess/sodium/sodium-1.0.15/lib/libsodium.a(libsodium_la-stream_chacha20.o)
                              /home/martin/Programming/ess/sodium/sodium-1.0.15/lib/libsodium.a(libsodium_la-randombytes.o) (crypto_stream_chacha20_ietf)
/home/martin/Programming/ess/sodium/sodium-1.0.15/lib/libsodium.a(libsodium_la-chacha20_ref.o)
                              /home/martin/Programming/ess/sodium/sodium-1.0.15/lib/libsodium.a(libsodium_la-stream_chacha20.o) (crypto_stream_chacha20_ref_implementation)
/home/martin/Programming/ess/sodium/sodium-1.0.15/lib/libsodium.a(libsodium_la-verify.o)
                              /home/martin/Programming/ess/sodium/sodium-1.0.15/lib/libsodium.a(libsodium_la-poly1305_donna.o) (crypto_verify_16)
/usr/bin/../lib/gcc/arm-none-eabi/7.2.1/../../../../arm-none-eabi/lib/thumb/v7e-m/libg.a(lib_a-abort.o)
                              /home/martin/Programming/ess/sodium/sodium-1.0.15/lib/libsodium.a(libsodium_la-core.o) (abort)
/usr/bin/../lib/gcc/arm-none-eabi/7.2.1/../../../../arm-none-eabi/lib/thumb/v7e-m/libg.a(lib_a-assert.o)
                              /home/martin/Programming/ess/sodium/sodium-1.0.15/lib/libsodium.a(libsodium_la-randombytes.o) (__assert_func)
/usr/bin/../lib/gcc/arm-none-eabi/7.2.1/../../../../arm-none-eabi/lib/thumb/v7e-m/libg.a(lib_a-calloc.o)
                              build/main.o (calloc)
/usr/bin/../lib/gcc/arm-none-eabi/7.2.1/../../../../arm-none-eabi/lib/thumb/v7e-m/libg.a(lib_a-callocr.o)
                              /usr/bin/../lib/gcc/arm-none-eabi/7.2.1/../../../../arm-none-eabi/lib/thumb/v7e-m/libg.a(lib_a-calloc.o) (_calloc_r)
/usr/bin/../lib/gcc/arm-none-eabi/7.2.1/../../../../arm-none-eabi/lib/thumb/v7e-m/libg.a(lib_a-errno.o)
                              lib_build/syscalls.o (__errno)
/usr/bin/../lib/gcc/arm-none-eabi/7.2.1/../../../../arm-none-eabi/lib/thumb/v7e-m/libg.a(lib_a-explicit_bzero.o)
                              /home/martin/Programming/ess/sodium/sodium-1.0.15/lib/libsodium.a(libsodium_la-utils.o) (explicit_bzero)
[...]
Memory Configuration

Name             Origin             Length             Attributes
FLASH_1_cached   0x0000000008000000 0x0000000000100000 xr
FLASH_1_uncached 0x000000000c000000 0x0000000000100000 xr
PSRAM_1          0x0000000010000000 0x0000000000010000 !xr
DSRAM_1_system   0x0000000020000000 0x0000000000010000 !xr
DSRAM_2_comm     0x0000000030000000 0x0000000000008000 !xr
*default*        0x0000000000000000 0xffffffffffffffff

Linker script and memory map

LOAD build/main.o
LOAD build/VirtualSerial.o
LOAD build/Descriptors.o
LOAD build/base64.o
LOAD build/randombytes_dilbert.o
LOAD lib_build/USBController_XMC4000.o
LOAD lib_build/xmc_usbd.o
LOAD lib_build/CDCClassDevice.o
LOAD lib_build/USBTask.o
LOAD lib_build/Endpoint_XMC4000.o
LOAD lib_build/xmc4_scu.o
LOAD lib_build/EndpointStream_XMC4000.o
LOAD lib_build/memcpy.o
LOAD lib_build/startup_XMC4500.o
LOAD lib_build/system_XMC4500.o
LOAD lib_build/syscalls.o
LOAD /home/martin/Programming/ess/sodium/sodium-1.0.15/lib/libsodium.a
START GROUP
LOAD /usr/bin/../lib/gcc/arm-none-eabi/7.2.1/thumb/v7e-m/libgcc.a
LOAD /usr/bin/../lib/gcc/arm-none-eabi/7.2.1/../../../../arm-none-eabi/lib/thumb/v7e-m/libg.a
LOAD /usr/bin/../lib/gcc/arm-none-eabi/7.2.1/../../../../arm-none-eabi/lib/thumb/v7e-m/libc.a
END GROUP
START GROUP
LOAD /usr/bin/../lib/gcc/arm-none-eabi/7.2.1/thumb/v7e-m/libgcc.a
LOAD /usr/bin/../lib/gcc/arm-none-eabi/7.2.1/../../../../arm-none-eabi/lib/thumb/v7e-m/libc.a
LOAD /usr/bin/../lib/gcc/arm-none-eabi/7.2.1/../../../../arm-none-eabi/lib/thumb/v7e-m/libnosys.a
END GROUP
                0x0000000000000800                stack_size = DEFINED (stack_size)?stack_size:0x800
                0x0000000000000040                no_init_size = 0x40

.text           0x0000000008000000     0xc124 load address 0x000000000c000000
                0x0000000008000000                sText = .
 *(.reset)
 .reset         0x0000000008000000      0x2b2 lib_build/startup_XMC4500.o
                0x0000000008000000                __Vectors
                0x0000000008000200                Reset_Handler
                0x00000000080002b0                VADC0_C0_3_IRQHandler
                0x00000000080002b0                DSD0_7_IRQHandler
                0x00000000080002b0                DebugMon_Handler
                0x00000000080002b0                VADC0_C0_0_IRQHandler
                0x00000000080002b0                CAN0_4_IRQHandler
                0x00000000080002b0                VADC0_G2_0_IRQHandler
                0x00000000080002b0                USIC0_5_IRQHandler
                0x00000000080002b0                POSIF0_0_IRQHandler
                0x00000000080002b0                POSIF1_0_IRQHandler
                0x00000000080002b0                HardFault_Handler
                0x00000000080002b0                VADC0_G1_1_IRQHandler
                0x00000000080002b0                SysTick_Handler
                0x00000000080002b0                PendSV_Handler
                0x00000000080002b0                NMI_Handler
                0x00000000080002b0                USIC1_3_IRQHandler
                0x00000000080002b0                CCU40_2_IRQHandler
                0x00000000080002b0                SCU_0_IRQHandler
                0x00000000080002b0                ERU0_0_IRQHandler
                0x00000000080002b0                CCU41_0_IRQHandler
                0x00000000080002b0                USIC1_5_IRQHandler
                0x00000000080002b0                DSD0_4_IRQHandler
                0x00000000080002b0                CCU80_1_IRQHandler
                0x00000000080002b0                CCU81_0_IRQHandler
                0x00000000080002b0                UsageFault_Handler
                0x00000000080002b0                USIC0_0_IRQHandler
                0x00000000080002b0                POSIF1_1_IRQHandler
                0x00000000080002b0                ERU0_2_IRQHandler
                0x00000000080002b0                CCU81_1_IRQHandler
                0x00000000080002b0                ERU1_1_IRQHandler
                0x00000000080002b0                VADC0_G2_3_IRQHandler
                0x00000000080002b0                VADC0_G2_2_IRQHandler
                0x00000000080002b0                CCU42_3_IRQHandler
                0x00000000080002b0                ERU0_3_IRQHandler
                0x00000000080002b0                DSD0_5_IRQHandler
                0x00000000080002b0                CAN0_6_IRQHandler
                0x00000000080002b0                CCU43_0_IRQHandler
                0x00000000080002b0                VADC0_G0_1_IRQHandler
                0x00000000080002b0                CCU81_2_IRQHandler
                0x00000000080002b0                USIC2_4_IRQHandler
                0x00000000080002b0                CCU81_3_IRQHandler
                0x00000000080002b0                CCU42_1_IRQHandler
                0x00000000080002b0                USIC1_1_IRQHandler
                0x00000000080002b0                USIC2_5_IRQHandler
                0x00000000080002b0                CCU40_0_IRQHandler
                0x00000000080002b0                CAN0_0_IRQHandler
                0x00000000080002b0                ERU1_0_IRQHandler
                0x00000000080002b0                CCU42_2_IRQHandler
                0x00000000080002b0                Default_Handler
                0x00000000080002b0                USIC1_4_IRQHandler
                0x00000000080002b0                ERU1_3_IRQHandler
                0x00000000080002b0                USIC1_0_IRQHandler
                0x00000000080002b0                POSIF0_1_IRQHandler
                0x00000000080002b0                VADC0_G0_0_IRQHandler
                0x00000000080002b0                DSD0_2_IRQHandler
                0x00000000080002b0                CCU80_3_IRQHandler
                0x00000000080002b0                CCU41_3_IRQHandler
                0x00000000080002b0                CCU80_2_IRQHandler
                0x00000000080002b0                VADC0_G1_3_IRQHandler
                0x00000000080002b0                VADC0_G0_3_IRQHandler
                0x00000000080002b0                GPDMA0_0_IRQHandler
                0x00000000080002b0                PMU0_0_IRQHandler
                0x00000000080002b0                CAN0_7_IRQHandler
                0x00000000080002b0                DSD0_1_IRQHandler
                0x00000000080002b0                CCU41_2_IRQHandler
                0x00000000080002b0                VADC0_C0_1_IRQHandler
                0x00000000080002b0                CCU43_2_IRQHandler
                0x00000000080002b0                USIC2_2_IRQHandler
                0x00000000080002b0                MemManage_Handler
                0x00000000080002b0                VADC0_G3_1_IRQHandler
                0x00000000080002b0                DAC0_0_IRQHandler
                0x00000000080002b0                SVC_Handler
                0x00000000080002b0                VADC0_G3_3_IRQHandler
                0x00000000080002b0                ERU1_2_IRQHandler
                0x00000000080002b0                CCU41_1_IRQHandler
                0x00000000080002b0                DSD0_6_IRQHandler
                0x00000000080002b0                CCU43_1_IRQHandler
                0x00000000080002b0                VADC0_G1_2_IRQHandler
                0x00000000080002b0                USIC2_3_IRQHandler
                0x00000000080002b0                CAN0_2_IRQHandler
                0x00000000080002b0                USIC2_0_IRQHandler
                0x00000000080002b0                VADC0_G0_2_IRQHandler
                0x00000000080002b0                VADC0_G2_1_IRQHandler
                0x00000000080002b0                CAN0_3_IRQHandler
                0x00000000080002b0                ETH0_0_IRQHandler
                0x00000000080002b0                USIC0_3_IRQHandler
                0x00000000080002b0                DSD0_0_IRQHandler
                0x00000000080002b0                VADC0_C0_2_IRQHandler
                0x00000000080002b0                CCU42_0_IRQHandler
                0x00000000080002b0                FCE0_0_IRQHandler
                0x00000000080002b0                VADC0_G1_0_IRQHandler
                0x00000000080002b0                CAN0_5_IRQHandler
                0x00000000080002b0                CCU80_0_IRQHandler
                0x00000000080002b0                CCU40_1_IRQHandler
                0x00000000080002b0                USIC2_1_IRQHandler
                0x00000000080002b0                USIC0_1_IRQHandler
                0x00000000080002b0                VADC0_G3_2_IRQHandler
                0x00000000080002b0                CCU40_3_IRQHandler
                0x00000000080002b0                BusFault_Handler
                0x00000000080002b0                LEDTS0_0_IRQHandler
                0x00000000080002b0                USIC0_4_IRQHandler
                0x00000000080002b0                CCU43_3_IRQHandler
                0x00000000080002b0                ERU0_1_IRQHandler
                0x00000000080002b0                VADC0_G3_0_IRQHandler
                0x00000000080002b0                USIC1_2_IRQHandler
                0x00000000080002b0                DSD0_3_IRQHandler
                0x00000000080002b0                SDMMC0_0_IRQHandler
                0x00000000080002b0                CAN0_1_IRQHandler
                0x00000000080002b0                USIC0_2_IRQHandler
                0x00000000080002b0                DAC0_1_IRQHandler
                0x00000000080002b0                GPDMA1_0_IRQHandler
 *(.text .text.* .gnu.linkonce.t.*)
 .text          0x00000000080002b2        0x0 build/main.o
 *fill*         0x00000000080002b2        0x2 
 .text.SystemCoreClockSetup
                0x00000000080002b4       0x34 build/main.o
                0x00000000080002b4                SystemCoreClockSetup
 .text.main     0x00000000080002e8      0x4f0 build/main.o
                0x00000000080002e8                main
 .text          0x00000000080007d8        0x0 build/VirtualSerial.o
 .text.__NVIC_GetPriorityGrouping
                0x00000000080007d8       0x1c build/VirtualSerial.o
 .text.__NVIC_EnableIRQ
                0x00000000080007f4       0x3c build/VirtualSerial.o
 .text.__NVIC_ClearPendingIRQ
                0x0000000008000830       0x3c build/VirtualSerial.o
 .text.__NVIC_SetPriority
                0x000000000800086c       0x54 build/VirtualSerial.o
 .text.NVIC_EncodePriority
                0x00000000080008c0       0x66 build/VirtualSerial.o
 *fill*         0x0000000008000926        0x2 
 .text.USB0_0_IRQHandler
                0x0000000008000928       0x14 build/VirtualSerial.o
                0x0000000008000928                USB0_0_IRQHandler
 .text.USB_Init
                0x000000000800093c       0x58 build/VirtualSerial.o
                0x000000000800093c                USB_Init
 .text.EVENT_USB_Device_Connect
                0x0000000008000994        0xe build/VirtualSerial.o
                0x0000000008000994                EVENT_USB_Device_Connect
 .text.EVENT_USB_Device_Disconnect
                0x00000000080009a2        0xe build/VirtualSerial.o
                0x00000000080009a2                EVENT_USB_Device_Disconnect
 .text.EVENT_USB_Device_Reset
                0x00000000080009b0       0x30 build/VirtualSerial.o
                0x00000000080009b0                EVENT_USB_Device_Reset
 .text.EVENT_USB_Device_ConfigurationChanged
                0x00000000080009e0       0x50 build/VirtualSerial.o
                0x00000000080009e0                EVENT_USB_Device_ConfigurationChanged
 .text.EVENT_USB_Device_ControlRequest
                0x0000000008000a30       0x14 build/VirtualSerial.o
                0x0000000008000a30                EVENT_USB_Device_ControlRequest
 .text.EVENT_USB_Device_StartOfFrame
                0x0000000008000a44        0xe build/VirtualSerial.o
                0x0000000008000a44                EVENT_USB_Device_StartOfFrame
 .text.EVENT_USB_Device_WakeUp
                0x0000000008000a52        0xe build/VirtualSerial.o
                0x0000000008000a52                EVENT_USB_Device_WakeUp
 .text.EVENT_USB_Device_Suspend
                0x0000000008000a60        0xe build/VirtualSerial.o
                0x0000000008000a60                EVENT_USB_Device_Suspend
 .text          0x0000000008000a6e        0x0 build/Descriptors.o
 *fill*         0x0000000008000a6e        0x2 
 .text.CALLBACK_USB_GetDescriptor
                0x0000000008000a70       0xa0 build/Descriptors.o
                0x0000000008000a70                CALLBACK_USB_GetDescriptor
 .text          0x0000000008000b10        0x0 build/base64.o
 .text.Base64decode_len
                0x0000000008000b10       0x44 build/base64.o
                0x0000000008000b10                Base64decode_len
 .text.Base64decode
                0x0000000008000b54      0x164 build/base64.o
                0x0000000008000b54                Base64decode
 .text.Base64encode_len
                0x0000000008000cb8       0x28 build/base64.o
                0x0000000008000cb8                Base64encode_len
 .text.Base64encode
                0x0000000008000ce0      0x16c build/base64.o
                0x0000000008000ce0                Base64encode
 .text          0x0000000008000e4c        0x0 build/randombytes_dilbert.o
 .text.randombytes_dilbert_random_buf
                0x0000000008000e4c       0x1c build/randombytes_dilbert.o
 .text.randombytes_dilbert_random
                0x0000000008000e68       0x10 build/randombytes_dilbert.o
 .text.randombytes_dilbert_implementation_name
                0x0000000008000e78       0x14 build/randombytes_dilbert.o
 .text          0x0000000008000e8c        0x0 lib_build/USBController_XMC4000.o
 .text.USBD_HandleEP0_Stall
                0x0000000008000e8c       0x2c lib_build/USBController_XMC4000.o
                0x0000000008000e8c                USBD_HandleEP0_Stall
 .text.USB_Device_ProcessControlRequest
                0x0000000008000eb8      0x43c lib_build/USBController_XMC4000.o
                0x0000000008000eb8                USB_Device_ProcessControlRequest
 .text.USBD_HandleEP0_IN
                0x00000000080012f4       0x4c lib_build/USBController_XMC4000.o
                0x00000000080012f4                USBD_HandleEP0_IN
 .text.USBD_HandleEP0_OUT
                0x0000000008001340       0x54 lib_build/USBController_XMC4000.o
                0x0000000008001340                USBD_HandleEP0_OUT
 .text.USBD_HandleEP0_SETUP
                0x0000000008001394       0x94 lib_build/USBController_XMC4000.o
                0x0000000008001394                USBD_HandleEP0_SETUP
 .text.USBD_SignalDeviceEventHandler
                0x0000000008001428      0x228 lib_build/USBController_XMC4000.o
                0x0000000008001428                USBD_SignalDeviceEventHandler
 .text.USBD_SignalEndpointEvent_Handler
                0x0000000008001650      0x19c lib_build/USBController_XMC4000.o
                0x0000000008001650                USBD_SignalEndpointEvent_Handler
 .text.USBD_Initialize
                0x00000000080017ec       0xcc lib_build/USBController_XMC4000.o
                0x00000000080017ec                USBD_Initialize
 .text.USB_IsEnumDone
                0x00000000080018b8       0x20 lib_build/USBController_XMC4000.o
                0x00000000080018b8                USB_IsEnumDone
 .text.USBD_SetEndpointBuffer
                0x00000000080018d8       0x7c lib_build/USBController_XMC4000.o
                0x00000000080018d8                USBD_SetEndpointBuffer
 .text          0x0000000008001954        0x0 lib_build/xmc_usbd.o
 .text.XMC_USBD_lDeviceActive
                0x0000000008001954       0x68 lib_build/xmc_usbd.o
                0x0000000008001954                XMC_USBD_lDeviceActive
 .text.XMC_USBD_lReadFifo
                0x00000000080019bc       0xe8 lib_build/xmc_usbd.o
 .text.XMC_USBD_lWriteFifo
                0x0000000008001aa4       0xa4 lib_build/xmc_usbd.o
 .text.XMC_USBD_lFlushTXFifo
                0x0000000008001b48       0x7c lib_build/xmc_usbd.o
 .text.XMC_USBD_lFlushRXFifo
                0x0000000008001bc4       0x68 lib_build/xmc_usbd.o
 .text.XMC_USBD_lAssignTXFifo
                0x0000000008001c2c       0x70 lib_build/xmc_usbd.o
 .text.XMC_USBD_lUnassignFifo
                0x0000000008001c9c       0x38 lib_build/xmc_usbd.o
 .text.XMC_USBD_lStartReadXfer
                0x0000000008001cd4      0x178 lib_build/xmc_usbd.o
 .text.XMC_USBD_lStartWriteXfer
                0x0000000008001e4c      0x198 lib_build/xmc_usbd.o
 .text.XMC_USBD_lHandleUSBReset
                0x0000000008001fe4      0x150 lib_build/xmc_usbd.o
 .text.XMC_USBD_lHandleOTGInt
                0x0000000008002134       0x48 lib_build/xmc_usbd.o
 .text.XMC_USBD_lHandleEnumDone
                0x000000000800217c       0x78 lib_build/xmc_usbd.o
 .text.XMC_USBD_lHandleOEPInt
                0x00000000080021f4      0x1bc lib_build/xmc_usbd.o
 .text.XMC_USBD_lHandleIEPInt
                0x00000000080023b0      0x1bc lib_build/xmc_usbd.o
 .text.XMC_USBD_lHandleRxFLvl
                0x000000000800256c       0x84 lib_build/xmc_usbd.o
 .text.XMC_USBD_IRQHandler
                0x00000000080025f0      0x150 lib_build/xmc_usbd.o
                0x00000000080025f0                XMC_USBD_IRQHandler
 .text.XMC_USBD_Enable
                0x0000000008002740       0x18 lib_build/xmc_usbd.o
                0x0000000008002740                XMC_USBD_Enable
 .text.XMC_USBD_Disable
                0x0000000008002758       0x18 lib_build/xmc_usbd.o
                0x0000000008002758                XMC_USBD_Disable
 .text.XMC_USBD_ClearEvent
                0x0000000008002770       0xcc lib_build/xmc_usbd.o
                0x0000000008002770                XMC_USBD_ClearEvent
 .text.XMC_USBD_lClearEventOTG
                0x000000000800283c       0x2c lib_build/xmc_usbd.o
 .text.XMC_USBD_ClearEventINEP
                0x0000000008002868       0x30 lib_build/xmc_usbd.o
                0x0000000008002868                XMC_USBD_ClearEventINEP
 .text.XMC_USBD_ClearEventOUTEP
                0x0000000008002898       0x30 lib_build/xmc_usbd.o
                0x0000000008002898                XMC_USBD_ClearEventOUTEP
 .text.XMC_USBD_EnableEventOUTEP
                0x00000000080028c8       0x30 lib_build/xmc_usbd.o
                0x00000000080028c8                XMC_USBD_EnableEventOUTEP
 .text.XMC_USBD_EnableEventINEP
                0x00000000080028f8       0x30 lib_build/xmc_usbd.o
                0x00000000080028f8                XMC_USBD_EnableEventINEP
 .text.XMC_USBD_GetCapabilities
                0x0000000008002928       0x68 lib_build/xmc_usbd.o
                0x0000000008002928                XMC_USBD_GetCapabilities
 .text.XMC_USBD_Init
                0x0000000008002990      0x23c lib_build/xmc_usbd.o
                0x0000000008002990                XMC_USBD_Init
 .text.XMC_USBD_Uninitialize
                0x0000000008002bcc       0x3c lib_build/xmc_usbd.o
                0x0000000008002bcc                XMC_USBD_Uninitialize
 .text.XMC_USBD_DeviceConnect
                0x0000000008002c08       0x34 lib_build/xmc_usbd.o
                0x0000000008002c08                XMC_USBD_DeviceConnect
 .text.XMC_USBD_DeviceDisconnect
                0x0000000008002c3c       0x34 lib_build/xmc_usbd.o
                0x0000000008002c3c                XMC_USBD_DeviceDisconnect
 .text.XMC_USBD_DeviceGetState
                0x0000000008002c70       0x64 lib_build/xmc_usbd.o
                0x0000000008002c70                XMC_USBD_DeviceGetState
 .text.XMC_USBD_EndpointReadStart
                0x0000000008002cd4       0x88 lib_build/xmc_usbd.o
                0x0000000008002cd4                XMC_USBD_EndpointReadStart
 .text.XMC_USBD_EndpointRead
                0x0000000008002d5c       0x78 lib_build/xmc_usbd.o
                0x0000000008002d5c                XMC_USBD_EndpointRead
 .text.XMC_USBD_EndpointWrite
                0x0000000008002dd4       0xa4 lib_build/xmc_usbd.o
                0x0000000008002dd4                XMC_USBD_EndpointWrite
 .text.XMC_USBD_DeviceSetAddress
                0x0000000008002e78       0x4c lib_build/xmc_usbd.o
                0x0000000008002e78                XMC_USBD_DeviceSetAddress
 .text.XMC_USBD_EndpointStall
                0x0000000008002ec4      0x14c lib_build/xmc_usbd.o
                0x0000000008002ec4                XMC_USBD_EndpointStall
 .text.XMC_USBD_EndpointAbort
                0x0000000008003010       0x88 lib_build/xmc_usbd.o
                0x0000000008003010                XMC_USBD_EndpointAbort
 .text.XMC_USBD_EndpointConfigure
                0x0000000008003098      0x2e8 lib_build/xmc_usbd.o
                0x0000000008003098                XMC_USBD_EndpointConfigure
 .text.XMC_USBD_EndpointUnconfigure
                0x0000000008003380      0x170 lib_build/xmc_usbd.o
                0x0000000008003380                XMC_USBD_EndpointUnconfigure
 .text.XMC_USBD_GetFrameNumber
                0x00000000080034f0       0x2c lib_build/xmc_usbd.o
                0x00000000080034f0                XMC_USBD_GetFrameNumber
 .text.XMC_USBD_IsEnumDone
                0x000000000800351c       0x38 lib_build/xmc_usbd.o
                0x000000000800351c                XMC_USBD_IsEnumDone
 .text          0x0000000008003554        0x0 lib_build/CDCClassDevice.o
 .text.CDC_Device_ProcessControlRequest
                0x0000000008003554      0x200 lib_build/CDCClassDevice.o
                0x0000000008003554                CDC_Device_ProcessControlRequest
 .text.CDC_Device_ConfigureEndpoints
                0x0000000008003754       0x86 lib_build/CDCClassDevice.o
                0x0000000008003754                CDC_Device_ConfigureEndpoints
 *fill*         0x00000000080037da        0x2 
 .text.CDC_Device_USBTask
                0x00000000080037dc       0x98 lib_build/CDCClassDevice.o
                0x00000000080037dc                CDC_Device_USBTask
 .text.CDC_Device_SendString
                0x0000000008003874       0x68 lib_build/CDCClassDevice.o
                0x0000000008003874                CDC_Device_SendString
 .text.CDC_Device_SendData
                0x00000000080038dc       0x64 lib_build/CDCClassDevice.o
                0x00000000080038dc                CDC_Device_SendData
 .text.CDC_Device_SendByte
                0x0000000008003940       0x84 lib_build/CDCClassDevice.o
                0x0000000008003940                CDC_Device_SendByte
 .text.CDC_Device_Flush
                0x00000000080039c4       0xcc lib_build/CDCClassDevice.o
                0x00000000080039c4                CDC_Device_Flush
 .text.CDC_Device_BytesReceived
                0x0000000008003a90       0xf4 lib_build/CDCClassDevice.o
                0x0000000008003a90                CDC_Device_BytesReceived
 .text.CDC_Device_ReceiveByte
                0x0000000008003b84      0x104 lib_build/CDCClassDevice.o
                0x0000000008003b84                CDC_Device_ReceiveByte
 .text.CDC_Device_SendControlLineStateChange
                0x0000000008003c88       0x80 lib_build/CDCClassDevice.o
                0x0000000008003c88                CDC_Device_SendControlLineStateChange
 .text.EVENT_CDC_Device_LineEncodingChanged
                0x0000000008003d08       0x14 lib_build/CDCClassDevice.o
                0x0000000008003d08                EVENT_CDC_Device_LineEncodingChanged
 .text.EVENT_CDC_Device_ControLineStateChanged
                0x0000000008003d1c       0x14 lib_build/CDCClassDevice.o
                0x0000000008003d1c                EVENT_CDC_Device_ControLineStateChanged
 .text.EVENT_CDC_Device_BreakSent
                0x0000000008003d30       0x18 lib_build/CDCClassDevice.o
                0x0000000008003d30                EVENT_CDC_Device_BreakSent
 .text          0x0000000008003d48        0x0 lib_build/USBTask.o
 .text.USB_USBTask
                0x0000000008003d48        0xc lib_build/USBTask.o
                0x0000000008003d48                USB_USBTask
 .text.USB_DeviceTask
                0x0000000008003d54       0x84 lib_build/USBTask.o
 .text          0x0000000008003dd8        0x0 lib_build/Endpoint_XMC4000.o
 .text.__NVIC_EnableIRQ
                0x0000000008003dd8       0x3c lib_build/Endpoint_XMC4000.o
 .text.__NVIC_DisableIRQ
                0x0000000008003e14       0x44 lib_build/Endpoint_XMC4000.o
 .text.Endpoint_WaitUntilReady
                0x0000000008003e58      0x124 lib_build/Endpoint_XMC4000.o
                0x0000000008003e58                Endpoint_WaitUntilReady
 .text.Endpoint_ClearOUT
                0x0000000008003f7c       0x98 lib_build/Endpoint_XMC4000.o
                0x0000000008003f7c                Endpoint_ClearOUT
 .text.Endpoint_ClearIN
                0x0000000008004014       0xf0 lib_build/Endpoint_XMC4000.o
                0x0000000008004014                Endpoint_ClearIN
 .text.Endpoint_IsReadWriteAllowed
                0x0000000008004104       0x64 lib_build/Endpoint_XMC4000.o
                0x0000000008004104                Endpoint_IsReadWriteAllowed
 .text.Endpoint_Write_8
                0x0000000008004168       0x68 lib_build/Endpoint_XMC4000.o
                0x0000000008004168                Endpoint_Write_8
 .text.Endpoint_Read_8
                0x00000000080041d0       0x70 lib_build/Endpoint_XMC4000.o
                0x00000000080041d0                Endpoint_Read_8
 .text.Endpoint_Write_32_LE
                0x0000000008004240       0x68 lib_build/Endpoint_XMC4000.o
                0x0000000008004240                Endpoint_Write_32_LE
 .text.Endpoint_Read_32_LE
                0x00000000080042a8       0x70 lib_build/Endpoint_XMC4000.o
                0x00000000080042a8                Endpoint_Read_32_LE
 .text.Endpoint_ConfigureEndpointTable
                0x0000000008004318      0x150 lib_build/Endpoint_XMC4000.o
                0x0000000008004318                Endpoint_ConfigureEndpointTable
 .text          0x0000000008004468        0x0 lib_build/xmc4_scu.o
 .text.XMC_SCU_CLOCK_GetUsbClockSource
                0x0000000008004468       0x1c lib_build/xmc4_scu.o
 .text.XMC_SCU_CLOCK_GetWdtClockSource
                0x0000000008004484       0x1c lib_build/xmc4_scu.o
 .text.XMC_SCU_CLOCK_GetExternalOutputClockSource
                0x00000000080044a0       0x20 lib_build/xmc4_scu.o
 .text.XMC_SCU_CLOCK_GetSystemClockFrequency
                0x00000000080044c0       0x28 lib_build/xmc4_scu.o
 .text.XMC_SCU_CLOCK_GetCpuClockFrequency
                0x00000000080044e8       0x18 lib_build/xmc4_scu.o
 .text.XMC_SCU_GetMirrorStatus
                0x0000000008004500       0x18 lib_build/xmc4_scu.o
 .text.XMC_SCU_lDelay
                0x0000000008004518       0x48 lib_build/xmc4_scu.o
 .text.XMC_SCU_INTERRUPT_EnableEvent
                0x0000000008004560       0x24 lib_build/xmc4_scu.o
                0x0000000008004560                XMC_SCU_INTERRUPT_EnableEvent
 .text.XMC_SCU_INTERRUPT_DisableEvent
                0x0000000008004584       0x28 lib_build/xmc4_scu.o
                0x0000000008004584                XMC_SCU_INTERRUPT_DisableEvent
 .text.XMC_SCU_INTERRUPT_TriggerEvent
                0x00000000080045ac       0x24 lib_build/xmc4_scu.o
                0x00000000080045ac                XMC_SCU_INTERRUPT_TriggerEvent
 .text.XMC_SCU_INTERUPT_GetEventStatus
                0x00000000080045d0       0x18 lib_build/xmc4_scu.o
                0x00000000080045d0                XMC_SCU_INTERUPT_GetEventStatus
 .text.XMC_SCU_INTERRUPT_ClearEventStatus
                0x00000000080045e8       0x20 lib_build/xmc4_scu.o
                0x00000000080045e8                XMC_SCU_INTERRUPT_ClearEventStatus
 .text.XMC_SCU_GetBootMode
                0x0000000008004608       0x1c lib_build/xmc4_scu.o
                0x0000000008004608                XMC_SCU_GetBootMode
 .text.XMC_SCU_SetBootMode
                0x0000000008004624       0x20 lib_build/xmc4_scu.o
                0x0000000008004624                XMC_SCU_SetBootMode
 .text.XMC_SCU_ReadGPR
                0x0000000008004644       0x24 lib_build/xmc4_scu.o
                0x0000000008004644                XMC_SCU_ReadGPR
 .text.XMC_SCU_WriteGPR
                0x0000000008004668       0x28 lib_build/xmc4_scu.o
                0x0000000008004668                XMC_SCU_WriteGPR
 .text.XMC_SCU_EnableOutOfRangeComparator
                0x0000000008004690       0x38 lib_build/xmc4_scu.o
                0x0000000008004690                XMC_SCU_EnableOutOfRangeComparator
 .text.XMC_SCU_DisableOutOfRangeComparator
                0x00000000080046c8       0x3c lib_build/xmc4_scu.o
                0x00000000080046c8                XMC_SCU_DisableOutOfRangeComparator
 .text.XMC_SCU_CalibrateTemperatureSensor
                0x0000000008004704       0x30 lib_build/xmc4_scu.o
                0x0000000008004704                XMC_SCU_CalibrateTemperatureSensor
 .text.XMC_SCU_EnableTemperatureSensor
                0x0000000008004734       0x24 lib_build/xmc4_scu.o
                0x0000000008004734                XMC_SCU_EnableTemperatureSensor
 .text.XMC_SCU_DisableTemperatureSensor
                0x0000000008004758       0x24 lib_build/xmc4_scu.o
                0x0000000008004758                XMC_SCU_DisableTemperatureSensor
 .text.XMC_SCU_IsTemperatureSensorEnabled
                0x000000000800477c       0x28 lib_build/xmc4_scu.o
                0x000000000800477c                XMC_SCU_IsTemperatureSensorEnabled
 .text.XMC_SCU_IsTemperatureSensorReady
                0x00000000080047a4       0x28 lib_build/xmc4_scu.o
                0x00000000080047a4                XMC_SCU_IsTemperatureSensorReady
 .text.XMC_SCU_StartTemperatureMeasurement
                0x00000000080047cc       0x4c lib_build/xmc4_scu.o
                0x00000000080047cc                XMC_SCU_StartTemperatureMeasurement
 .text.XMC_SCU_GetTemperatureMeasurement
                0x0000000008004818       0x38 lib_build/xmc4_scu.o
                0x0000000008004818                XMC_SCU_GetTemperatureMeasurement
 .text.XMC_SCU_IsTemperatureSensorBusy
                0x0000000008004850       0x28 lib_build/xmc4_scu.o
                0x0000000008004850                XMC_SCU_IsTemperatureSensorBusy
 .text.XMC_SCU_WriteToRetentionMemory
                0x0000000008004878       0x4c lib_build/xmc4_scu.o
                0x0000000008004878                XMC_SCU_WriteToRetentionMemory
 .text.XMC_SCU_ReadFromRetentionMemory
                0x00000000080048c4       0x48 lib_build/xmc4_scu.o
                0x00000000080048c4                XMC_SCU_ReadFromRetentionMemory
 .text.XMC_SCU_CLOCK_Init
                0x000000000800490c       0xe6 lib_build/xmc4_scu.o
                0x000000000800490c                XMC_SCU_CLOCK_Init
 *fill*         0x00000000080049f2        0x2 
 .text.XMC_SCU_TRAP_Enable
                0x00000000080049f4       0x28 lib_build/xmc4_scu.o
                0x00000000080049f4                XMC_SCU_TRAP_Enable
 .text.XMC_SCU_TRAP_Disable
                0x0000000008004a1c       0x24 lib_build/xmc4_scu.o
                0x0000000008004a1c                XMC_SCU_TRAP_Disable
 .text.XMC_SCU_TRAP_GetStatus
                0x0000000008004a40       0x18 lib_build/xmc4_scu.o
                0x0000000008004a40                XMC_SCU_TRAP_GetStatus
 .text.XMC_SCU_TRAP_Trigger
                0x0000000008004a58       0x20 lib_build/xmc4_scu.o
                0x0000000008004a58                XMC_SCU_TRAP_Trigger
 .text.XMC_SCU_TRAP_ClearStatus
                0x0000000008004a78       0x20 lib_build/xmc4_scu.o
                0x0000000008004a78                XMC_SCU_TRAP_ClearStatus
 .text.XMC_SCU_PARITY_ClearStatus
                0x0000000008004a98       0x24 lib_build/xmc4_scu.o
                0x0000000008004a98                XMC_SCU_PARITY_ClearStatus
 .text.XMC_SCU_PARITY_GetStatus
                0x0000000008004abc       0x18 lib_build/xmc4_scu.o
                0x0000000008004abc                XMC_SCU_PARITY_GetStatus
 .text.XMC_SCU_PARITY_Enable
                0x0000000008004ad4       0x24 lib_build/xmc4_scu.o
                0x0000000008004ad4                XMC_SCU_PARITY_Enable
 .text.XMC_SCU_PARITY_Disable
                0x0000000008004af8       0x28 lib_build/xmc4_scu.o
                0x0000000008004af8                XMC_SCU_PARITY_Disable
 .text.XMC_SCU_PARITY_EnableTrapGeneration
                0x0000000008004b20       0x24 lib_build/xmc4_scu.o
                0x0000000008004b20                XMC_SCU_PARITY_EnableTrapGeneration
 .text.XMC_SCU_PARITY_DisableTrapGeneration
                0x0000000008004b44       0x28 lib_build/xmc4_scu.o
                0x0000000008004b44                XMC_SCU_PARITY_DisableTrapGeneration
 .text.XMC_SCU_INTERRUPT_EnableNmiRequest
                0x0000000008004b6c       0x24 lib_build/xmc4_scu.o
                0x0000000008004b6c                XMC_SCU_INTERRUPT_EnableNmiRequest
 .text.XMC_SCU_INTERRUPT_DisableNmiRequest
                0x0000000008004b90       0x28 lib_build/xmc4_scu.o
                0x0000000008004b90                XMC_SCU_INTERRUPT_DisableNmiRequest
 .text.XMC_SCU_RESET_AssertPeripheralReset
                0x0000000008004bb8       0x3c lib_build/xmc4_scu.o
                0x0000000008004bb8                XMC_SCU_RESET_AssertPeripheralReset
 .text.XMC_SCU_RESET_DeassertPeripheralReset
                0x0000000008004bf4       0x3c lib_build/xmc4_scu.o
                0x0000000008004bf4                XMC_SCU_RESET_DeassertPeripheralReset
 .text.XMC_SCU_RESET_IsPeripheralResetAsserted
                0x0000000008004c30       0x48 lib_build/xmc4_scu.o
                0x0000000008004c30                XMC_SCU_RESET_IsPeripheralResetAsserted
 .text.XMC_SCU_CLOCK_GetSystemPllClockFrequency
                0x0000000008004c78       0x7c lib_build/xmc4_scu.o
                0x0000000008004c78                XMC_SCU_CLOCK_GetSystemPllClockFrequency
 .text.XMC_SCU_CLOCK_GetSystemPllClockSourceFrequency
                0x0000000008004cf4       0x30 lib_build/xmc4_scu.o
                0x0000000008004cf4                XMC_SCU_CLOCK_GetSystemPllClockSourceFrequency
 .text.XMC_SCU_CLOCK_GetUsbPllClockFrequency
                0x0000000008004d24       0x54 lib_build/xmc4_scu.o
                0x0000000008004d24                XMC_SCU_CLOCK_GetUsbPllClockFrequency
 .text.XMC_SCU_CLOCK_GetCcuClockFrequency
                0x0000000008004d78       0x2c lib_build/xmc4_scu.o
                0x0000000008004d78                XMC_SCU_CLOCK_GetCcuClockFrequency
 .text.XMC_SCU_CLOCK_GetUsbClockFrequency
                0x0000000008004da4       0x48 lib_build/xmc4_scu.o
                0x0000000008004da4                XMC_SCU_CLOCK_GetUsbClockFrequency
 .text.XMC_SCU_CLOCK_GetEbuClockFrequency
                0x0000000008004dec       0x28 lib_build/xmc4_scu.o
                0x0000000008004dec                XMC_SCU_CLOCK_GetEbuClockFrequency
 .text.XMC_SCU_CLOCK_GetWdtClockFrequency
                0x0000000008004e14       0x58 lib_build/xmc4_scu.o
                0x0000000008004e14                XMC_SCU_CLOCK_GetWdtClockFrequency
 .text.XMC_SCU_CLOCK_GetExternalOutputClockFrequency
                0x0000000008004e6c       0x70 lib_build/xmc4_scu.o
                0x0000000008004e6c                XMC_SCU_CLOCK_GetExternalOutputClockFrequency
 .text.XMC_SCU_CLOCK_GetPeripheralClockFrequency
                0x0000000008004edc       0x20 lib_build/xmc4_scu.o
                0x0000000008004edc                XMC_SCU_CLOCK_GetPeripheralClockFrequency
 .text.XMC_SCU_CLOCK_SetSystemClockSource
                0x0000000008004efc       0x28 lib_build/xmc4_scu.o
                0x0000000008004efc                XMC_SCU_CLOCK_SetSystemClockSource
 .text.XMC_SCU_CLOCK_SetUsbClockSource
                0x0000000008004f24       0x28 lib_build/xmc4_scu.o
                0x0000000008004f24                XMC_SCU_CLOCK_SetUsbClockSource
 .text.XMC_SCU_CLOCK_SetWdtClockSource
                0x0000000008004f4c       0x28 lib_build/xmc4_scu.o
                0x0000000008004f4c                XMC_SCU_CLOCK_SetWdtClockSource
 .text.XMC_SCU_CLOCK_SetExternalOutputClockSource
                0x0000000008004f74       0x2c lib_build/xmc4_scu.o
                0x0000000008004f74                XMC_SCU_CLOCK_SetExternalOutputClockSource
 .text.XMC_SCU_CLOCK_SetSystemPllClockSource
                0x0000000008004fa0       0x44 lib_build/xmc4_scu.o
                0x0000000008004fa0                XMC_SCU_CLOCK_SetSystemPllClockSource
 .text.XMC_SCU_HIB_SetRtcClockSource
                0x0000000008004fe4       0x40 lib_build/xmc4_scu.o
                0x0000000008004fe4                XMC_SCU_HIB_SetRtcClockSource
 .text.XMC_SCU_HIB_SetStandbyClockSource
                0x0000000008005024       0x40 lib_build/xmc4_scu.o
                0x0000000008005024                XMC_SCU_HIB_SetStandbyClockSource
 .text.XMC_SCU_CLOCK_SetSystemClockDivider
                0x0000000008005064       0x2c lib_build/xmc4_scu.o
                0x0000000008005064                XMC_SCU_CLOCK_SetSystemClockDivider
 .text.XMC_SCU_CLOCK_SetCcuClockDivider
                0x0000000008005090       0x2c lib_build/xmc4_scu.o
                0x0000000008005090                XMC_SCU_CLOCK_SetCcuClockDivider
 .text.XMC_SCU_CLOCK_SetCpuClockDivider
                0x00000000080050bc       0x2c lib_build/xmc4_scu.o
                0x00000000080050bc                XMC_SCU_CLOCK_SetCpuClockDivider
 .text.XMC_SCU_CLOCK_SetPeripheralClockDivider
                0x00000000080050e8       0x2c lib_build/xmc4_scu.o
                0x00000000080050e8                XMC_SCU_CLOCK_SetPeripheralClockDivider
 .text.XMC_SCU_CLOCK_SetUsbClockDivider
                0x0000000008005114       0x2c lib_build/xmc4_scu.o
                0x0000000008005114                XMC_SCU_CLOCK_SetUsbClockDivider
 .text.XMC_SCU_CLOCK_SetEbuClockDivider
                0x0000000008005140       0x2c lib_build/xmc4_scu.o
                0x0000000008005140                XMC_SCU_CLOCK_SetEbuClockDivider
 .text.XMC_SCU_CLOCK_SetWdtClockDivider
                0x000000000800516c       0x2c lib_build/xmc4_scu.o
                0x000000000800516c                XMC_SCU_CLOCK_SetWdtClockDivider
 .text.XMC_SCU_CLOCK_SetExternalOutputClockDivider
                0x0000000008005198       0x30 lib_build/xmc4_scu.o
                0x0000000008005198                XMC_SCU_CLOCK_SetExternalOutputClockDivider
 .text.XMC_SCU_CLOCK_EnableClock
                0x00000000080051c8       0x20 lib_build/xmc4_scu.o
                0x00000000080051c8                XMC_SCU_CLOCK_EnableClock
 .text.XMC_SCU_CLOCK_DisableClock
                0x00000000080051e8       0x20 lib_build/xmc4_scu.o
                0x00000000080051e8                XMC_SCU_CLOCK_DisableClock
 .text.XMC_SCU_CLOCK_IsClockEnabled
                0x0000000008005208       0x2c lib_build/xmc4_scu.o
                0x0000000008005208                XMC_SCU_CLOCK_IsClockEnabled
 .text.XMC_SCU_POWER_GetEVR13Voltage
                0x0000000008005234       0x30 lib_build/xmc4_scu.o
                0x0000000008005234                XMC_SCU_POWER_GetEVR13Voltage
 .text.XMC_SCU_POWER_GetEVR33Voltage
                0x0000000008005264       0x34 lib_build/xmc4_scu.o
                0x0000000008005264                XMC_SCU_POWER_GetEVR33Voltage
 .text.XMC_SCU_CLOCK_EnableUsbPll
                0x0000000008005298       0x24 lib_build/xmc4_scu.o
                0x0000000008005298                XMC_SCU_CLOCK_EnableUsbPll
 .text.XMC_SCU_CLOCK_DisableUsbPll
                0x00000000080052bc       0x24 lib_build/xmc4_scu.o
                0x00000000080052bc                XMC_SCU_CLOCK_DisableUsbPll
 .text.XMC_SCU_CLOCK_StartUsbPll
                0x00000000080052e0       0x78 lib_build/xmc4_scu.o
                0x00000000080052e0                XMC_SCU_CLOCK_StartUsbPll
 .text.XMC_SCU_CLOCK_StopUsbPll
                0x0000000008005358       0x1c lib_build/xmc4_scu.o
                0x0000000008005358                XMC_SCU_CLOCK_StopUsbPll
 .text.XMC_SCU_CLOCK_SetBackupClockCalibrationMode
                0x0000000008005374       0x4c lib_build/xmc4_scu.o
                0x0000000008005374                XMC_SCU_CLOCK_SetBackupClockCalibrationMode
 .text.XMC_SCU_POWER_EnableUsb
                0x00000000080053c0       0x1c lib_build/xmc4_scu.o
                0x00000000080053c0                XMC_SCU_POWER_EnableUsb
 .text.XMC_SCU_POWER_DisableUsb
                0x00000000080053dc       0x1c lib_build/xmc4_scu.o
                0x00000000080053dc                XMC_SCU_POWER_DisableUsb
 .text.XMC_SCU_CLOCK_IsUsbPllLocked
                0x00000000080053f8       0x24 lib_build/xmc4_scu.o
                0x00000000080053f8                XMC_SCU_CLOCK_IsUsbPllLocked
 .text.XMC_SCU_HIB_EnableHibernateDomain
                0x000000000800541c       0x58 lib_build/xmc4_scu.o
                0x000000000800541c                XMC_SCU_HIB_EnableHibernateDomain
 .text.XMC_SCU_HIB_DisableHibernateDomain
                0x0000000008005474       0x24 lib_build/xmc4_scu.o
                0x0000000008005474                XMC_SCU_HIB_DisableHibernateDomain
 .text.XMC_SCU_HIB_IsHibernateDomainEnabled
                0x0000000008005498       0x3c lib_build/xmc4_scu.o
                0x0000000008005498                XMC_SCU_HIB_IsHibernateDomainEnabled
 .text.XMC_SCU_HIB_EnableInternalSlowClock
                0x00000000080054d4       0x34 lib_build/xmc4_scu.o
                0x00000000080054d4                XMC_SCU_HIB_EnableInternalSlowClock
 .text.XMC_SCU_HIB_DisableInternalSlowClock
                0x0000000008005508       0x34 lib_build/xmc4_scu.o
                0x0000000008005508                XMC_SCU_HIB_DisableInternalSlowClock
 .text.XMC_SCU_HIB_ClearEventStatus
                0x000000000800553c       0x34 lib_build/xmc4_scu.o
                0x000000000800553c                XMC_SCU_HIB_ClearEventStatus
 .text.XMC_SCU_HIB_TriggerEvent
                0x0000000008005570       0x34 lib_build/xmc4_scu.o
                0x0000000008005570                XMC_SCU_HIB_TriggerEvent
 .text.XMC_SCU_HIB_EnableEvent
                0x00000000080055a4       0x38 lib_build/xmc4_scu.o
                0x00000000080055a4                XMC_SCU_HIB_EnableEvent
 .text.XMC_SCU_HIB_DisableEvent
                0x00000000080055dc       0x3c lib_build/xmc4_scu.o
                0x00000000080055dc                XMC_SCU_HIB_DisableEvent
 .text.XMC_SCU_HIB_EnterHibernateState
                0x0000000008005618       0x34 lib_build/xmc4_scu.o
                0x0000000008005618                XMC_SCU_HIB_EnterHibernateState
 .text.XMC_SCU_HIB_EnterHibernateStateEx
                0x000000000800564c       0x1c lib_build/xmc4_scu.o
                0x000000000800564c                XMC_SCU_HIB_EnterHibernateStateEx
 .text.XMC_SCU_HIB_SetWakeupTriggerInput
                0x0000000008005668       0x50 lib_build/xmc4_scu.o
                0x0000000008005668                XMC_SCU_HIB_SetWakeupTriggerInput
 .text.XMC_SCU_HIB_SetPinMode
                0x00000000080056b8       0x54 lib_build/xmc4_scu.o
                0x00000000080056b8                XMC_SCU_HIB_SetPinMode
 .text.XMC_SCU_HIB_SetPinOutputLevel
                0x000000000800570c       0x58 lib_build/xmc4_scu.o
                0x000000000800570c                XMC_SCU_HIB_SetPinOutputLevel
 .text.XMC_SCU_HIB_SetInput0
                0x0000000008005764       0x50 lib_build/xmc4_scu.o
                0x0000000008005764                XMC_SCU_HIB_SetInput0
 .text.XMC_SCU_HIB_SetSR0Input
                0x00000000080057b4       0x40 lib_build/xmc4_scu.o
                0x00000000080057b4                XMC_SCU_HIB_SetSR0Input
 .text.XMC_SCU_CLOCK_IsLowPowerOscillatorStable
                0x00000000080057f4       0x24 lib_build/xmc4_scu.o
                0x00000000080057f4                XMC_SCU_CLOCK_IsLowPowerOscillatorStable
 .text.XMC_SCU_CLOCK_EnableLowPowerOscillator
                0x0000000008005818       0x6c lib_build/xmc4_scu.o
                0x0000000008005818                XMC_SCU_CLOCK_EnableLowPowerOscillator
 .text.XMC_SCU_CLOCK_DisableLowPowerOscillator
                0x0000000008005884       0x34 lib_build/xmc4_scu.o
                0x0000000008005884                XMC_SCU_CLOCK_DisableLowPowerOscillator
 .text.XMC_SCU_CLOCK_EnableLowPowerOscillatorGeneralPurposeInput
                0x00000000080058b8       0x34 lib_build/xmc4_scu.o
                0x00000000080058b8                XMC_SCU_CLOCK_EnableLowPowerOscillatorGeneralPurposeInput
 .text.XMC_SCU_CLOCK_DisableLowPowerOscillatorGeneralPurposeInput
                0x00000000080058ec       0x38 lib_build/xmc4_scu.o
                0x00000000080058ec                XMC_SCU_CLOCK_DisableLowPowerOscillatorGeneralPurposeInput
 .text.XMC_SCU_CLOCK_GetLowPowerOscillatorGeneralPurposeInputStatus
                0x0000000008005924       0x1c lib_build/xmc4_scu.o
                0x0000000008005924                XMC_SCU_CLOCK_GetLowPowerOscillatorGeneralPurposeInputStatus
 .text.XMC_SCU_CLOCK_EnableHighPerformanceOscillator
                0x0000000008005940       0x50 lib_build/xmc4_scu.o
                0x0000000008005940                XMC_SCU_CLOCK_EnableHighPerformanceOscillator
 .text.XMC_SCU_CLOCK_IsHighPerformanceOscillatorStable
                0x0000000008005990       0x28 lib_build/xmc4_scu.o
                0x0000000008005990                XMC_SCU_CLOCK_IsHighPerformanceOscillatorStable
 .text.XMC_SCU_CLOCK_DisableHighPerformanceOscillator
                0x00000000080059b8       0x20 lib_build/xmc4_scu.o
                0x00000000080059b8                XMC_SCU_CLOCK_DisableHighPerformanceOscillator
 .text.XMC_SCU_CLOCK_EnableHighPerformanceOscillatorGeneralPurposeInput
                0x00000000080059d8       0x20 lib_build/xmc4_scu.o
                0x00000000080059d8                XMC_SCU_CLOCK_EnableHighPerformanceOscillatorGeneralPurposeInput
 .text.XMC_SCU_CLOCK_DisableHighPerformanceOscillatorGeneralPurposeInput
                0x00000000080059f8       0x20 lib_build/xmc4_scu.o
                0x00000000080059f8                XMC_SCU_CLOCK_DisableHighPerformanceOscillatorGeneralPurposeInput
 .text.XMC_SCU_CLOCK_GetHighPerformanceOscillatorGeneralPurposeInputStatus
                0x0000000008005a18       0x1c lib_build/xmc4_scu.o
                0x0000000008005a18                XMC_SCU_CLOCK_GetHighPerformanceOscillatorGeneralPurposeInputStatus
 .text.XMC_SCU_CLOCK_EnableSystemPll
                0x0000000008005a34       0x24 lib_build/xmc4_scu.o
                0x0000000008005a34                XMC_SCU_CLOCK_EnableSystemPll
 .text.XMC_SCU_CLOCK_DisableSystemPll
                0x0000000008005a58       0x24 lib_build/xmc4_scu.o
                0x0000000008005a58                XMC_SCU_CLOCK_DisableSystemPll
 .text.XMC_SCU_CLOCK_StartSystemPll
                0x0000000008005a7c      0x178 lib_build/xmc4_scu.o
                0x0000000008005a7c                XMC_SCU_CLOCK_StartSystemPll
 .text.XMC_SCU_CLOCK_StopSystemPll
                0x0000000008005bf4       0x20 lib_build/xmc4_scu.o
                0x0000000008005bf4                XMC_SCU_CLOCK_StopSystemPll
 .text.XMC_SCU_CLOCK_StepSystemPllFrequency
                0x0000000008005c14       0x30 lib_build/xmc4_scu.o
                0x0000000008005c14                XMC_SCU_CLOCK_StepSystemPllFrequency
 .text.XMC_SCU_CLOCK_IsSystemPllLocked
                0x0000000008005c44       0x24 lib_build/xmc4_scu.o
                0x0000000008005c44                XMC_SCU_CLOCK_IsSystemPllLocked
 .text.XMC_SCU_INTERRUPT_SetEventHandler
                0x0000000008005c68       0x58 lib_build/xmc4_scu.o
                0x0000000008005c68                XMC_SCU_INTERRUPT_SetEventHandler
 .text.XMC_SCU_IRQHandler
                0x0000000008005cc0       0x60 lib_build/xmc4_scu.o
                0x0000000008005cc0                XMC_SCU_IRQHandler
 .text          0x0000000008005d20        0x0 lib_build/EndpointStream_XMC4000.o
 .text.Endpoint_Write_Stream_LE
                0x0000000008005d20      0x114 lib_build/EndpointStream_XMC4000.o
                0x0000000008005d20                Endpoint_Write_Stream_LE
 .text.SwapCopy
                0x0000000008005e34       0x44 lib_build/EndpointStream_XMC4000.o
                0x0000000008005e34                SwapCopy
 .text.Endpoint_Write_Stream_BE
                0x0000000008005e78       0xe8 lib_build/EndpointStream_XMC4000.o
                0x0000000008005e78                Endpoint_Write_Stream_BE
 .text.Endpoint_Read_Stream_LE
                0x0000000008005f60       0xf0 lib_build/EndpointStream_XMC4000.o
                0x0000000008005f60                Endpoint_Read_Stream_LE
 .text.Endpoint_Read_Stream_BE
                0x0000000008006050       0xf0 lib_build/EndpointStream_XMC4000.o
                0x0000000008006050                Endpoint_Read_Stream_BE
 .text.Endpoint_Write_Control_Stream_LE
                0x0000000008006140       0x70 lib_build/EndpointStream_XMC4000.o
                0x0000000008006140                Endpoint_Write_Control_Stream_LE
 .text.Endpoint_Write_Control_Stream_BE
                0x00000000080061b0       0x20 lib_build/EndpointStream_XMC4000.o
                0x00000000080061b0                Endpoint_Write_Control_Stream_BE
 .text.Endpoint_Read_Control_Stream_LE
                0x00000000080061d0       0x68 lib_build/EndpointStream_XMC4000.o
                0x00000000080061d0                Endpoint_Read_Control_Stream_LE
 .text.Endpoint_Read_Control_Stream_BE
                0x0000000008006238       0x20 lib_build/EndpointStream_XMC4000.o
                0x0000000008006238                Endpoint_Read_Control_Stream_BE
 .text.Endpoint_Null_Stream
                0x0000000008006258       0xdc lib_build/EndpointStream_XMC4000.o
                0x0000000008006258                Endpoint_Null_Stream
 .text          0x0000000008006334        0x0 lib_build/memcpy.o
 .text.thumb2_memcpy
                0x0000000008006334       0x3e lib_build/memcpy.o
                0x0000000008006334                thumb2_memcpy
 .text          0x0000000008006372        0x0 lib_build/startup_XMC4500.o
 .text          0x0000000008006372        0x0 lib_build/system_XMC4500.o
 .text.delay    0x0000000008006372       0x2a lib_build/system_XMC4500.o
 .text.SystemInit
                0x000000000800639c       0x24 lib_build/system_XMC4500.o
                0x000000000800639c                SystemInit
 .text.SystemCoreSetup
                0x00000000080063c0       0x70 lib_build/system_XMC4500.o
                0x00000000080063c0                SystemCoreSetup
 .text.SystemCoreClockSetup
                0x0000000008006430      0x208 lib_build/system_XMC4500.o
 .text.SystemCoreClockUpdate
                0x0000000008006638       0xd4 lib_build/system_XMC4500.o
                0x0000000008006638                SystemCoreClockUpdate
 .text.OSCHP_GetFrequency
                0x000000000800670c       0x14 lib_build/system_XMC4500.o
                0x000000000800670c                OSCHP_GetFrequency
 .text          0x0000000008006720        0x0 lib_build/syscalls.o
 .text._sbrk    0x0000000008006720       0x68 lib_build/syscalls.o
                0x0000000008006720                _sbrk
 .text._init    0x0000000008006788        0xe lib_build/syscalls.o
                0x0000000008006788                _init
 .text          0x0000000008006796        0x0 /home/martin/Programming/ess/sodium/sodium-1.0.15/lib/libsodium.a(libsodium_la-crypto_secretbox_easy.o)
 .text.crypto_secretbox_detached
                0x0000000008006796      0x15a /home/martin/Programming/ess/sodium/sodium-1.0.15/lib/libsodium.a(libsodium_la-crypto_secretbox_easy.o)
                0x0000000008006796                crypto_secretbox_detached
 .text.crypto_secretbox_easy
                0x00000000080068f0       0x30 /home/martin/Programming/ess/sodium/sodium-1.0.15/lib/libsodium.a(libsodium_la-crypto_secretbox_easy.o)
                0x00000000080068f0                crypto_secretbox_easy
 .text.crypto_secretbox_open_detached
                0x0000000008006920      0x13a /home/martin/Programming/ess/sodium/sodium-1.0.15/lib/libsodium.a(libsodium_la-crypto_secretbox_easy.o)
                0x0000000008006920                crypto_secretbox_open_detached
 .text.crypto_secretbox_open_easy
                0x0000000008006a5a       0x2e /home/martin/Programming/ess/sodium/sodium-1.0.15/lib/libsodium.a(libsodium_la-crypto_secretbox_easy.o)
                0x0000000008006a5a                crypto_secretbox_open_easy
 .text          0x0000000008006a88        0x0 /home/martin/Programming/ess/sodium/sodium-1.0.15/lib/libsodium.a(libsodium_la-stream_salsa20.o)
 .text.crypto_stream_salsa20_keybytes
                0x0000000008006a88        0x4 /home/martin/Programming/ess/sodium/sodium-1.0.15/lib/libsodium.a(libsodium_la-stream_salsa20.o)
                0x0000000008006a88                crypto_stream_salsa20_keybytes
 .text.crypto_stream_salsa20_noncebytes
                0x0000000008006a8c        0x4 /home/martin/Programming/ess/sodium/sodium-1.0.15/lib/libsodium.a(libsodium_la-stream_salsa20.o)
                0x0000000008006a8c                crypto_stream_salsa20_noncebytes
 .text.crypto_stream_salsa20_messagebytes_max
                0x0000000008006a90        0x6 /home/martin/Programming/ess/sodium/sodium-1.0.15/lib/libsodium.a(libsodium_la-stream_salsa20.o)
                0x0000000008006a90                crypto_stream_salsa20_messagebytes_max
 *fill*         0x0000000008006a96        0x2 
 .text.crypto_stream_salsa20
                0x0000000008006a98       0x14 /home/martin/Programming/ess/sodium/sodium-1.0.15/lib/libsodium.a(libsodium_la-stream_salsa20.o)
                0x0000000008006a98                crypto_stream_salsa20
 .text.crypto_stream_salsa20_xor_ic
                0x0000000008006aac       0x14 /home/martin/Programming/ess/sodium/sodium-1.0.15/lib/libsodium.a(libsodium_la-stream_salsa20.o)
                0x0000000008006aac                crypto_stream_salsa20_xor_ic
 .text.crypto_stream_salsa20_xor
                0x0000000008006ac0       0x28 /home/martin/Programming/ess/sodium/sodium-1.0.15/lib/libsodium.a(libsodium_la-stream_salsa20.o)
                0x0000000008006ac0                crypto_stream_salsa20_xor
 .text.crypto_stream_salsa20_keygen
                0x0000000008006ae8        0x6 /home/martin/Programming/ess/sodium/sodium-1.0.15/lib/libsodium.a(libsodium_la-stream_salsa20.o)
                0x0000000008006ae8                crypto_stream_salsa20_keygen
 *fill*         0x0000000008006aee        0x2 
 .text._crypto_stream_salsa20_pick_best_implementation
                0x0000000008006af0       0x20 /home/martin/Programming/ess/sodium/sodium-1.0.15/lib/libsodium.a(libsodium_la-stream_salsa20.o)
                0x0000000008006af0                _crypto_stream_salsa20_pick_best_implementation
 .text          0x0000000008006b10        0x0 /home/martin/Programming/ess/sodium/sodium-1.0.15/lib/libsodium.a(libsodium_la-randombytes.o)
 .text.randombytes_set_implementation
                0x0000000008006b10       0x10 /home/martin/Programming/ess/sodium/sodium-1.0.15/lib/libsodium.a(libsodium_la-randombytes.o)
                0x0000000008006b10                randombytes_set_implementation
 .text.randombytes_stir
                0x0000000008006b20       0x1c /home/martin/Programming/ess/sodium/sodium-1.0.15/lib/libsodium.a(libsodium_la-randombytes.o)
                0x0000000008006b20                randombytes_stir
 .text.randombytes_init_if_needed
                0x0000000008006b3c       0x24 /home/martin/Programming/ess/sodium/sodium-1.0.15/lib/libsodium.a(libsodium_la-randombytes.o)
 .text.randombytes_implementation_name
                0x0000000008006b60       0x18 /home/martin/Programming/ess/sodium/sodium-1.0.15/lib/libsodium.a(libsodium_la-randombytes.o)
                0x0000000008006b60                randombytes_implementation_name
 .text.randombytes_random
                0x0000000008006b78       0x18 /home/martin/Programming/ess/sodium/sodium-1.0.15/lib/libsodium.a(libsodium_la-randombytes.o)
                0x0000000008006b78                randombytes_random
 .text.randombytes_uniform
                0x0000000008006b90       0x44 /home/martin/Programming/ess/sodium/sodium-1.0.15/lib/libsodium.a(libsodium_la-randombytes.o)
                0x0000000008006b90                randombytes_uniform
 .text.randombytes_buf
                0x0000000008006bd4       0x24 /home/martin/Programming/ess/sodium/sodium-1.0.15/lib/libsodium.a(libsodium_la-randombytes.o)
                0x0000000008006bd4                randombytes_buf
 .text.randombytes_buf_deterministic
                0x0000000008006bf8       0x1c /home/martin/Programming/ess/sodium/sodium-1.0.15/lib/libsodium.a(libsodium_la-randombytes.o)
                0x0000000008006bf8                randombytes_buf_deterministic
 .text.randombytes_seedbytes
                0x0000000008006c14        0x4 /home/martin/Programming/ess/sodium/sodium-1.0.15/lib/libsodium.a(libsodium_la-randombytes.o)
                0x0000000008006c14                randombytes_seedbytes
 .text.randombytes_close
                0x0000000008006c18       0x18 /home/martin/Programming/ess/sodium/sodium-1.0.15/lib/libsodium.a(libsodium_la-randombytes.o)
                0x0000000008006c18                randombytes_close
 .text.randombytes
                0x0000000008006c30       0x34 /home/martin/Programming/ess/sodium/sodium-1.0.15/lib/libsodium.a(libsodium_la-randombytes.o)
                0x0000000008006c30                randombytes
 .text          0x0000000008006c64        0x0 /home/martin/Programming/ess/sodium/sodium-1.0.15/lib/libsodium.a(libsodium_la-core.o)
 .text.sodium_crit_enter
                0x0000000008006c64       0x20 /home/martin/Programming/ess/sodium/sodium-1.0.15/lib/libsodium.a(libsodium_la-core.o)
                0x0000000008006c64                sodium_crit_enter
 .text.sodium_init
                0x0000000008006c84       0x40 /home/martin/Programming/ess/sodium/sodium-1.0.15/lib/libsodium.a(libsodium_la-core.o)
                0x0000000008006c84                sodium_init
 .text.sodium_crit_leave
                0x0000000008006cc4       0x14 /home/martin/Programming/ess/sodium/sodium-1.0.15/lib/libsodium.a(libsodium_la-core.o)
                0x0000000008006cc4                sodium_crit_leave
 .text.sodium_misuse
                0x0000000008006cd8       0x20 /home/martin/Programming/ess/sodium/sodium-1.0.15/lib/libsodium.a(libsodium_la-core.o)
                0x0000000008006cd8                sodium_misuse
 .text.sodium_set_misuse_handler
                0x0000000008006cf8       0x24 /home/martin/Programming/ess/sodium/sodium-1.0.15/lib/libsodium.a(libsodium_la-core.o)
                0x0000000008006cf8                sodium_set_misuse_handler
 .text          0x0000000008006d1c        0x0 /home/martin/Programming/ess/sodium/sodium-1.0.15/lib/libsodium.a(libsodium_la-runtime.o)
 .text._sodium_runtime_get_cpu_features
                0x0000000008006d1c       0x14 /home/martin/Programming/ess/sodium/sodium-1.0.15/lib/libsodium.a(libsodium_la-runtime.o)
                0x0000000008006d1c                _sodium_runtime_get_cpu_features
 .text.sodium_runtime_has_neon
                0x0000000008006d30        0xc /home/martin/Programming/ess/sodium/sodium-1.0.15/lib/libsodium.a(libsodium_la-runtime.o)
                0x0000000008006d30                sodium_runtime_has_neon
 .text.sodium_runtime_has_sse2
                0x0000000008006d3c        0xc /home/martin/Programming/ess/sodium/sodium-1.0.15/lib/libsodium.a(libsodium_la-runtime.o)
                0x0000000008006d3c                sodium_runtime_has_sse2
 .text.sodium_runtime_has_sse3
                0x0000000008006d48        0xc /home/martin/Programming/ess/sodium/sodium-1.0.15/lib/libsodium.a(libsodium_la-runtime.o)
                0x0000000008006d48                sodium_runtime_has_sse3
 .text.sodium_runtime_has_ssse3
                0x0000000008006d54        0xc /home/martin/Programming/ess/sodium/sodium-1.0.15/lib/libsodium.a(libsodium_la-runtime.o)
                0x0000000008006d54                sodium_runtime_has_ssse3
 .text.sodium_runtime_has_sse41
                0x0000000008006d60        0xc /home/martin/Programming/ess/sodium/sodium-1.0.15/lib/libsodium.a(libsodium_la-runtime.o)
                0x0000000008006d60                sodium_runtime_has_sse41
 .text.sodium_runtime_has_avx
                0x0000000008006d6c        0xc /home/martin/Programming/ess/sodium/sodium-1.0.15/lib/libsodium.a(libsodium_la-runtime.o)
                0x0000000008006d6c                sodium_runtime_has_avx
 .text.sodium_runtime_has_avx2
                0x0000000008006d78        0xc /home/martin/Programming/ess/sodium/sodium-1.0.15/lib/libsodium.a(libsodium_la-runtime.o)
                0x0000000008006d78                sodium_runtime_has_avx2
 .text.sodium_runtime_has_avx512f
                0x0000000008006d84        0xc /home/martin/Programming/ess/sodium/sodium-1.0.15/lib/libsodium.a(libsodium_la-runtime.o)
                0x0000000008006d84                sodium_runtime_has_avx512f
 .text.sodium_runtime_has_pclmul
                0x0000000008006d90        0xc /home/martin/Programming/ess/sodium/sodium-1.0.15/lib/libsodium.a(libsodium_la-runtime.o)
                0x0000000008006d90                sodium_runtime_has_pclmul
 .text.sodium_runtime_has_aesni
                0x0000000008006d9c        0xc /home/martin/Programming/ess/sodium/sodium-1.0.15/lib/libsodium.a(libsodium_la-runtime.o)
                0x0000000008006d9c                sodium_runtime_has_aesni
 .text          0x0000000008006da8        0x0 /home/martin/Programming/ess/sodium/sodium-1.0.15/lib/libsodium.a(libsodium_la-utils.o)
 .text._sodium_dummy_symbol_to_prevent_memzero_lto
                0x0000000008006da8        0x2 /home/martin/Programming/ess/sodium/sodium-1.0.15/lib/libsodium.a(libsodium_la-utils.o)
                0x0000000008006da8                _sodium_dummy_symbol_to_prevent_memzero_lto
 .text.sodium_memzero
                0x0000000008006daa        0x4 /home/martin/Programming/ess/sodium/sodium-1.0.15/lib/libsodium.a(libsodium_la-utils.o)
                0x0000000008006daa                sodium_memzero
 .text._sodium_dummy_symbol_to_prevent_memcmp_lto
                0x0000000008006dae        0x2 /home/martin/Programming/ess/sodium/sodium-1.0.15/lib/libsodium.a(libsodium_la-utils.o)
                0x0000000008006dae                _sodium_dummy_symbol_to_prevent_memcmp_lto
 .text.sodium_memcmp
                0x0000000008006db0       0x3a /home/martin/Programming/ess/sodium/sodium-1.0.15/lib/libsodium.a(libsodium_la-utils.o)
                0x0000000008006db0                sodium_memcmp
 .text._sodium_dummy_symbol_to_prevent_compare_lto
                0x0000000008006dea        0x2 /home/martin/Programming/ess/sodium/sodium-1.0.15/lib/libsodium.a(libsodium_la-utils.o)
                0x0000000008006dea                _sodium_dummy_symbol_to_prevent_compare_lto
 .text.sodium_compare
                0x0000000008006dec       0x64 /home/martin/Programming/ess/sodium/sodium-1.0.15/lib/libsodium.a(libsodium_la-utils.o)
                0x0000000008006dec                sodium_compare
 .text.sodium_is_zero
                0x0000000008006e50       0x2a /home/martin/Programming/ess/sodium/sodium-1.0.15/lib/libsodium.a(libsodium_la-utils.o)
                0x0000000008006e50                sodium_is_zero
 .text.sodium_increment
                0x0000000008006e7a       0x16 /home/martin/Programming/ess/sodium/sodium-1.0.15/lib/libsodium.a(libsodium_la-utils.o)
                0x0000000008006e7a                sodium_increment
 .text.sodium_add
                0x0000000008006e90       0x20 /home/martin/Programming/ess/sodium/sodium-1.0.15/lib/libsodium.a(libsodium_la-utils.o)
                0x0000000008006e90                sodium_add
 .text._sodium_alloc_init
                0x0000000008006eb0       0x14 /home/martin/Programming/ess/sodium/sodium-1.0.15/lib/libsodium.a(libsodium_la-utils.o)
                0x0000000008006eb0                _sodium_alloc_init
 .text.sodium_mlock
                0x0000000008006ec4       0x10 /home/martin/Programming/ess/sodium/sodium-1.0.15/lib/libsodium.a(libsodium_la-utils.o)
                0x0000000008006ec4                sodium_mlock
 .text.sodium_munlock
                0x0000000008006ed4       0x14 /home/martin/Programming/ess/sodium/sodium-1.0.15/lib/libsodium.a(libsodium_la-utils.o)
                0x0000000008006ed4                sodium_munlock
 .text.sodium_malloc
                0x0000000008006ee8       0x1e /home/martin/Programming/ess/sodium/sodium-1.0.15/lib/libsodium.a(libsodium_la-utils.o)
                0x0000000008006ee8                sodium_malloc
 .text.sodium_allocarray
                0x0000000008006f06       0x26 /home/martin/Programming/ess/sodium/sodium-1.0.15/lib/libsodium.a(libsodium_la-utils.o)
                0x0000000008006f06                sodium_allocarray
 .text.sodium_free
                0x0000000008006f2c        0x4 /home/martin/Programming/ess/sodium/sodium-1.0.15/lib/libsodium.a(libsodium_la-utils.o)
                0x0000000008006f2c                sodium_free
 .text.sodium_mprotect_noaccess
                0x0000000008006f30       0x10 /home/martin/Programming/ess/sodium/sodium-1.0.15/lib/libsodium.a(libsodium_la-utils.o)
                0x0000000008006f30                sodium_mprotect_noaccess
 .text.sodium_mprotect_readonly
                0x0000000008006f40       0x10 /home/martin/Programming/ess/sodium/sodium-1.0.15/lib/libsodium.a(libsodium_la-utils.o)
                0x0000000008006f40                sodium_mprotect_readonly
 .text.sodium_mprotect_readwrite
                0x0000000008006f50       0x10 /home/martin/Programming/ess/sodium/sodium-1.0.15/lib/libsodium.a(libsodium_la-utils.o)
                0x0000000008006f50                sodium_mprotect_readwrite
 .text.sodium_pad
                0x0000000008006f60       0x70 /home/martin/Programming/ess/sodium/sodium-1.0.15/lib/libsodium.a(libsodium_la-utils.o)
                0x0000000008006f60                sodium_pad
 .text.sodium_unpad
                0x0000000008006fd0       0x5e /home/martin/Programming/ess/sodium/sodium-1.0.15/lib/libsodium.a(libsodium_la-utils.o)
                0x0000000008006fd0                sodium_unpad
 .text          0x000000000800702e        0x0 /home/martin/Programming/ess/sodium/sodium-1.0.15/lib/libsodium.a(libsodium_la-randombytes_sysrandom.o)
 *fill*         0x000000000800702e        0x2 
 .text.randombytes_sysrandom_implementation_name
                0x0000000008007030        0xc /home/martin/Programming/ess/sodium/sodium-1.0.15/lib/libsodium.a(libsodium_la-randombytes_sysrandom.o)
 .text.randombytes_sysrandom_close
                0x000000000800703c       0x28 /home/martin/Programming/ess/sodium/sodium-1.0.15/lib/libsodium.a(libsodium_la-randombytes_sysrandom.o)
 .text.randombytes_sysrandom_stir
                0x0000000008007064       0xa0 /home/martin/Programming/ess/sodium/sodium-1.0.15/lib/libsodium.a(libsodium_la-randombytes_sysrandom.o)
 .text.randombytes_sysrandom_buf
                0x0000000008007104       0xb0 /home/martin/Programming/ess/sodium/sodium-1.0.15/lib/libsodium.a(libsodium_la-randombytes_sysrandom.o)
 .text.randombytes_sysrandom
                0x00000000080071b4       0x14 /home/martin/Programming/ess/sodium/sodium-1.0.15/lib/libsodium.a(libsodium_la-randombytes_sysrandom.o)
 .text          0x00000000080071c8        0x0 /home/martin/Programming/ess/sodium/sodium-1.0.15/lib/libsodium.a(libsodium_la-salsa20_ref.o)
 .text.stream_ref_xor_ic
                0x00000000080071c8      0x112 /home/martin/Programming/ess/sodium/sodium-1.0.15/lib/libsodium.a(libsodium_la-salsa20_ref.o)
 .text.stream_ref
                0x00000000080072da       0xda /home/martin/Programming/ess/sodium/sodium-1.0.15/lib/libsodium.a(libsodium_la-salsa20_ref.o)
 .text          0x00000000080073b4        0x0 /home/martin/Programming/ess/sodium/sodium-1.0.15/lib/libsodium.a(libsodium_la-core_hsalsa20_ref2.o)
 .text.crypto_core_hsalsa20
                0x00000000080073b4      0x1a8 /home/martin/Programming/ess/sodium/sodium-1.0.15/lib/libsodium.a(libsodium_la-core_hsalsa20_ref2.o)
                0x00000000080073b4                crypto_core_hsalsa20
 .text          0x000000000800755c        0x0 /home/martin/Programming/ess/sodium/sodium-1.0.15/lib/libsodium.a(libsodium_la-core_salsa_ref.o)
 .text.crypto_core_salsa
                0x000000000800755c      0x254 /home/martin/Programming/ess/sodium/sodium-1.0.15/lib/libsodium.a(libsodium_la-core_salsa_ref.o)
 .text.crypto_core_salsa20
                0x00000000080077b0       0x10 /home/martin/Programming/ess/sodium/sodium-1.0.15/lib/libsodium.a(libsodium_la-core_salsa_ref.o)
                0x00000000080077b0                crypto_core_salsa20
 .text.crypto_core_salsa20_outputbytes
                0x00000000080077c0        0x4 /home/martin/Programming/ess/sodium/sodium-1.0.15/lib/libsodium.a(libsodium_la-core_salsa_ref.o)
                0x00000000080077c0                crypto_core_salsa20_outputbytes
 .text.crypto_core_salsa20_inputbytes
                0x00000000080077c4        0x4 /home/martin/Programming/ess/sodium/sodium-1.0.15/lib/libsodium.a(libsodium_la-core_salsa_ref.o)
                0x00000000080077c4                crypto_core_salsa20_inputbytes
 .text.crypto_core_salsa20_keybytes
                0x00000000080077c8        0x4 /home/martin/Programming/ess/sodium/sodium-1.0.15/lib/libsodium.a(libsodium_la-core_salsa_ref.o)
                0x00000000080077c8                crypto_core_salsa20_keybytes
 .text.crypto_core_salsa20_constbytes
                0x00000000080077cc        0x4 /home/martin/Programming/ess/sodium/sodium-1.0.15/lib/libsodium.a(libsodium_la-core_salsa_ref.o)
                0x00000000080077cc                crypto_core_salsa20_constbytes
 .text.crypto_core_salsa2012
                0x00000000080077d0       0x10 /home/martin/Programming/ess/sodium/sodium-1.0.15/lib/libsodium.a(libsodium_la-core_salsa_ref.o)
                0x00000000080077d0                crypto_core_salsa2012
 .text.crypto_core_salsa2012_outputbytes
                0x00000000080077e0        0x4 /home/martin/Programming/ess/sodium/sodium-1.0.15/lib/libsodium.a(libsodium_la-core_salsa_ref.o)
                0x00000000080077e0                crypto_core_salsa2012_outputbytes
 .text.crypto_core_salsa2012_inputbytes
                0x00000000080077e4        0x4 /home/martin/Programming/ess/sodium/sodium-1.0.15/lib/libsodium.a(libsodium_la-core_salsa_ref.o)
                0x00000000080077e4                crypto_core_salsa2012_inputbytes
 .text.crypto_core_salsa2012_keybytes
                0x00000000080077e8        0x4 /home/martin/Programming/ess/sodium/sodium-1.0.15/lib/libsodium.a(libsodium_la-core_salsa_ref.o)
                0x00000000080077e8                crypto_core_salsa2012_keybytes
 .text.crypto_core_salsa2012_constbytes
                0x00000000080077ec        0x4 /home/martin/Programming/ess/sodium/sodium-1.0.15/lib/libsodium.a(libsodium_la-core_salsa_ref.o)
                0x00000000080077ec                crypto_core_salsa2012_constbytes
 .text.crypto_core_salsa208
                0x00000000080077f0       0x10 /home/martin/Programming/ess/sodium/sodium-1.0.15/lib/libsodium.a(libsodium_la-core_salsa_ref.o)
                0x00000000080077f0                crypto_core_salsa208
 .text.crypto_core_salsa208_outputbytes
                0x0000000008007800        0x4 /home/martin/Programming/ess/sodium/sodium-1.0.15/lib/libsodium.a(libsodium_la-core_salsa_ref.o)
                0x0000000008007800                crypto_core_salsa208_outputbytes
 .text.crypto_core_salsa208_inputbytes
                0x0000000008007804        0x4 /home/martin/Programming/ess/sodium/sodium-1.0.15/lib/libsodium.a(libsodium_la-core_salsa_ref.o)
                0x0000000008007804                crypto_core_salsa208_inputbytes
 .text.crypto_core_salsa208_keybytes
                0x0000000008007808        0x4 /home/martin/Programming/ess/sodium/sodium-1.0.15/lib/libsodium.a(libsodium_la-core_salsa_ref.o)
                0x0000000008007808                crypto_core_salsa208_keybytes
 .text.crypto_core_salsa208_constbytes
                0x000000000800780c        0x4 /home/martin/Programming/ess/sodium/sodium-1.0.15/lib/libsodium.a(libsodium_la-core_salsa_ref.o)
                0x000000000800780c                crypto_core_salsa208_constbytes
 .text          0x0000000008007810        0x0 /home/martin/Programming/ess/sodium/sodium-1.0.15/lib/libsodium.a(libsodium_la-onetimeauth_poly1305.o)
 .text.crypto_onetimeauth_poly1305
                0x0000000008007810       0x18 /home/martin/Programming/ess/sodium/sodium-1.0.15/lib/libsodium.a(libsodium_la-onetimeauth_poly1305.o)
                0x0000000008007810                crypto_onetimeauth_poly1305
 .text.crypto_onetimeauth_poly1305_verify
                0x0000000008007828       0x18 /home/martin/Programming/ess/sodium/sodium-1.0.15/lib/libsodium.a(libsodium_la-onetimeauth_poly1305.o)
                0x0000000008007828                crypto_onetimeauth_poly1305_verify
 .text.crypto_onetimeauth_poly1305_init
                0x0000000008007840       0x10 /home/martin/Programming/ess/sodium/sodium-1.0.15/lib/libsodium.a(libsodium_la-onetimeauth_poly1305.o)
                0x0000000008007840                crypto_onetimeauth_poly1305_init
 .text.crypto_onetimeauth_poly1305_update
                0x0000000008007850       0x18 /home/martin/Programming/ess/sodium/sodium-1.0.15/lib/libsodium.a(libsodium_la-onetimeauth_poly1305.o)
                0x0000000008007850                crypto_onetimeauth_poly1305_update
 .text.crypto_onetimeauth_poly1305_final
                0x0000000008007868       0x10 /home/martin/Programming/ess/sodium/sodium-1.0.15/lib/libsodium.a(libsodium_la-onetimeauth_poly1305.o)
                0x0000000008007868                crypto_onetimeauth_poly1305_final
 .text.crypto_onetimeauth_poly1305_bytes
                0x0000000008007878        0x4 /home/martin/Programming/ess/sodium/sodium-1.0.15/lib/libsodium.a(libsodium_la-onetimeauth_poly1305.o)
                0x0000000008007878                crypto_onetimeauth_poly1305_bytes
 .text.crypto_onetimeauth_poly1305_keybytes
                0x000000000800787c        0x4 /home/martin/Programming/ess/sodium/sodium-1.0.15/lib/libsodium.a(libsodium_la-onetimeauth_poly1305.o)
                0x000000000800787c                crypto_onetimeauth_poly1305_keybytes
 .text.crypto_onetimeauth_poly1305_statebytes
                0x0000000008007880        0x6 /home/martin/Programming/ess/sodium/sodium-1.0.15/lib/libsodium.a(libsodium_la-onetimeauth_poly1305.o)
                0x0000000008007880                crypto_onetimeauth_poly1305_statebytes
 .text.crypto_onetimeauth_poly1305_keygen
                0x0000000008007886        0x6 /home/martin/Programming/ess/sodium/sodium-1.0.15/lib/libsodium.a(libsodium_la-onetimeauth_poly1305.o)
                0x0000000008007886                crypto_onetimeauth_poly1305_keygen
 .text._crypto_onetimeauth_poly1305_pick_best_implementation
                0x000000000800788c       0x20 /home/martin/Programming/ess/sodium/sodium-1.0.15/lib/libsodium.a(libsodium_la-onetimeauth_poly1305.o)
                0x000000000800788c                _crypto_onetimeauth_poly1305_pick_best_implementation
 .text          0x00000000080078ac        0x0 /home/martin/Programming/ess/sodium/sodium-1.0.15/lib/libsodium.a(libsodium_la-poly1305_donna.o)
 .text.poly1305_blocks
                0x00000000080078ac      0x1be /home/martin/Programming/ess/sodium/sodium-1.0.15/lib/libsodium.a(libsodium_la-poly1305_donna.o)
 .text.poly1305_update
                0x0000000008007a6a       0xdc /home/martin/Programming/ess/sodium/sodium-1.0.15/lib/libsodium.a(libsodium_la-poly1305_donna.o)
 .text.crypto_onetimeauth_poly1305_donna_update
                0x0000000008007b46        0xa /home/martin/Programming/ess/sodium/sodium-1.0.15/lib/libsodium.a(libsodium_la-poly1305_donna.o)
 .text.poly1305_finish
                0x0000000008007b50      0x170 /home/martin/Programming/ess/sodium/sodium-1.0.15/lib/libsodium.a(libsodium_la-poly1305_donna.o)
 .text.crypto_onetimeauth_poly1305_donna_final
                0x0000000008007cc0        0xa /home/martin/Programming/ess/sodium/sodium-1.0.15/lib/libsodium.a(libsodium_la-poly1305_donna.o)
 *fill*         0x0000000008007cca        0x2 
 .text.crypto_onetimeauth_poly1305_donna
                0x0000000008007ccc       0xa4 /home/martin/Programming/ess/sodium/sodium-1.0.15/lib/libsodium.a(libsodium_la-poly1305_donna.o)
 .text.crypto_onetimeauth_poly1305_donna_verify
                0x0000000008007d70       0x1e /home/martin/Programming/ess/sodium/sodium-1.0.15/lib/libsodium.a(libsodium_la-poly1305_donna.o)
 *fill*         0x0000000008007d8e        0x2 
 .text.crypto_onetimeauth_poly1305_donna_init
                0x0000000008007d90       0x70 /home/martin/Programming/ess/sodium/sodium-1.0.15/lib/libsodium.a(libsodium_la-poly1305_donna.o)
 .text          0x0000000008007e00        0x0 /home/martin/Programming/ess/sodium/sodium-1.0.15/lib/libsodium.a(libsodium_la-stream_chacha20.o)
 .text.crypto_stream_chacha20_keybytes
                0x0000000008007e00        0x4 /home/martin/Programming/ess/sodium/sodium-1.0.15/lib/libsodium.a(libsodium_la-stream_chacha20.o)
                0x0000000008007e00                crypto_stream_chacha20_keybytes
 .text.crypto_stream_chacha20_noncebytes
                0x0000000008007e04        0x4 /home/martin/Programming/ess/sodium/sodium-1.0.15/lib/libsodium.a(libsodium_la-stream_chacha20.o)
                0x0000000008007e04                crypto_stream_chacha20_noncebytes
 .text.crypto_stream_chacha20_messagebytes_max
                0x0000000008007e08        0x6 /home/martin/Programming/ess/sodium/sodium-1.0.15/lib/libsodium.a(libsodium_la-stream_chacha20.o)
                0x0000000008007e08                crypto_stream_chacha20_messagebytes_max
 .text.crypto_stream_chacha20_ietf_keybytes
                0x0000000008007e0e        0x4 /home/martin/Programming/ess/sodium/sodium-1.0.15/lib/libsodium.a(libsodium_la-stream_chacha20.o)
                0x0000000008007e0e                crypto_stream_chacha20_ietf_keybytes
 .text.crypto_stream_chacha20_ietf_noncebytes
                0x0000000008007e12        0x4 /home/martin/Programming/ess/sodium/sodium-1.0.15/lib/libsodium.a(libsodium_la-stream_chacha20.o)
                0x0000000008007e12                crypto_stream_chacha20_ietf_noncebytes
 .text.crypto_stream_chacha20_ietf_messagebytes_max
                0x0000000008007e16        0x6 /home/martin/Programming/ess/sodium/sodium-1.0.15/lib/libsodium.a(libsodium_la-stream_chacha20.o)
                0x0000000008007e16                crypto_stream_chacha20_ietf_messagebytes_max
 .text.crypto_stream_chacha20
                0x0000000008007e1c       0x14 /home/martin/Programming/ess/sodium/sodium-1.0.15/lib/libsodium.a(libsodium_la-stream_chacha20.o)
                0x0000000008007e1c                crypto_stream_chacha20
 .text.crypto_stream_chacha20_ietf
                0x0000000008007e30       0x14 /home/martin/Programming/ess/sodium/sodium-1.0.15/lib/libsodium.a(libsodium_la-stream_chacha20.o)
                0x0000000008007e30                crypto_stream_chacha20_ietf
 .text.crypto_stream_chacha20_xor_ic
                0x0000000008007e44       0x14 /home/martin/Programming/ess/sodium/sodium-1.0.15/lib/libsodium.a(libsodium_la-stream_chacha20.o)
                0x0000000008007e44                crypto_stream_chacha20_xor_ic
 .text.crypto_stream_chacha20_ietf_xor_ic
                0x0000000008007e58       0x14 /home/martin/Programming/ess/sodium/sodium-1.0.15/lib/libsodium.a(libsodium_la-stream_chacha20.o)
                0x0000000008007e58                crypto_stream_chacha20_ietf_xor_ic
 .text.crypto_stream_chacha20_xor
                0x0000000008007e6c       0x28 /home/martin/Programming/ess/sodium/sodium-1.0.15/lib/libsodium.a(libsodium_la-stream_chacha20.o)
                0x0000000008007e6c                crypto_stream_chacha20_xor
 .text.crypto_stream_chacha20_ietf_xor
                0x0000000008007e94       0x24 /home/martin/Programming/ess/sodium/sodium-1.0.15/lib/libsodium.a(libsodium_la-stream_chacha20.o)
                0x0000000008007e94                crypto_stream_chacha20_ietf_xor
 .text.crypto_stream_chacha20_keygen
                0x0000000008007eb8        0x6 /home/martin/Programming/ess/sodium/sodium-1.0.15/lib/libsodium.a(libsodium_la-stream_chacha20.o)
                0x0000000008007eb8                crypto_stream_chacha20_keygen
 .text.crypto_stream_chacha20_ietf_keygen
                0x0000000008007ebe        0x4 /home/martin/Programming/ess/sodium/sodium-1.0.15/lib/libsodium.a(libsodium_la-stream_chacha20.o)
                0x0000000008007ebe                crypto_stream_chacha20_ietf_keygen
 *fill*         0x0000000008007ec2        0x2 
 .text._crypto_stream_chacha20_pick_best_implementation
                0x0000000008007ec4       0x20 /home/martin/Programming/ess/sodium/sodium-1.0.15/lib/libsodium.a(libsodium_la-stream_chacha20.o)
                0x0000000008007ec4                _crypto_stream_chacha20_pick_best_implementation
 .text          0x0000000008007ee4        0x0 /home/martin/Programming/ess/sodium/sodium-1.0.15/lib/libsodium.a(libsodium_la-chacha20_ref.o)
 .text.chacha_keysetup
                0x0000000008007ee4       0x48 /home/martin/Programming/ess/sodium/sodium-1.0.15/lib/libsodium.a(libsodium_la-chacha20_ref.o)
 .text.chacha20_encrypt_bytes.part.0
                0x0000000008007f2c      0x3d0 /home/martin/Programming/ess/sodium/sodium-1.0.15/lib/libsodium.a(libsodium_la-chacha20_ref.o)
 .text.stream_ietf_ref
                0x00000000080082fc       0x54 /home/martin/Programming/ess/sodium/sodium-1.0.15/lib/libsodium.a(libsodium_la-chacha20_ref.o)
 .text.stream_ref_xor_ic
                0x0000000008008350       0x56 /home/martin/Programming/ess/sodium/sodium-1.0.15/lib/libsodium.a(libsodium_la-chacha20_ref.o)
 .text.stream_ietf_ref_xor_ic
                0x00000000080083a6       0x4e /home/martin/Programming/ess/sodium/sodium-1.0.15/lib/libsodium.a(libsodium_la-chacha20_ref.o)
 .text.stream_ref
                0x00000000080083f4       0x58 /home/martin/Programming/ess/sodium/sodium-1.0.15/lib/libsodium.a(libsodium_la-chacha20_ref.o)
 .text          0x000000000800844c        0x0 /home/martin/Programming/ess/sodium/sodium-1.0.15/lib/libsodium.a(libsodium_la-verify.o)
 .text.crypto_verify_n
                0x000000000800844c       0x30 /home/martin/Programming/ess/sodium/sodium-1.0.15/lib/libsodium.a(libsodium_la-verify.o)
 .text.crypto_verify_16_bytes
                0x000000000800847c        0x4 /home/martin/Programming/ess/sodium/sodium-1.0.15/lib/libsodium.a(libsodium_la-verify.o)
                0x000000000800847c                crypto_verify_16_bytes
 .text.crypto_verify_32_bytes
                0x0000000008008480        0x4 /home/martin/Programming/ess/sodium/sodium-1.0.15/lib/libsodium.a(libsodium_la-verify.o)
                0x0000000008008480                crypto_verify_32_bytes
 .text.crypto_verify_64_bytes
                0x0000000008008484        0x4 /home/martin/Programming/ess/sodium/sodium-1.0.15/lib/libsodium.a(libsodium_la-verify.o)
                0x0000000008008484                crypto_verify_64_bytes
 .text.crypto_verify_16
                0x0000000008008488        0x6 /home/martin/Programming/ess/sodium/sodium-1.0.15/lib/libsodium.a(libsodium_la-verify.o)
                0x0000000008008488                crypto_verify_16
 .text.crypto_verify_32
                0x000000000800848e        0x6 /home/martin/Programming/ess/sodium/sodium-1.0.15/lib/libsodium.a(libsodium_la-verify.o)
                0x000000000800848e                crypto_verify_32
 .text.crypto_verify_64
                0x0000000008008494        0x6 /home/martin/Programming/ess/sodium/sodium-1.0.15/lib/libsodium.a(libsodium_la-verify.o)
                0x0000000008008494                crypto_verify_64
 .text          0x000000000800849a        0x0 /usr/bin/../lib/gcc/arm-none-eabi/7.2.1/../../../../arm-none-eabi/lib/thumb/v7e-m/libg.a(lib_a-abort.o)
 *fill*         0x000000000800849a        0x2 
 .text.abort    0x000000000800849c       0x10 /usr/bin/../lib/gcc/arm-none-eabi/7.2.1/../../../../arm-none-eabi/lib/thumb/v7e-m/libg.a(lib_a-abort.o)
                0x000000000800849c                abort
 .text          0x00000000080084ac        0x0 /usr/bin/../lib/gcc/arm-none-eabi/7.2.1/../../../../arm-none-eabi/lib/thumb/v7e-m/libg.a(lib_a-assert.o)
 .text.__assert_func
                0x00000000080084ac       0x3c /usr/bin/../lib/gcc/arm-none-eabi/7.2.1/../../../../arm-none-eabi/lib/thumb/v7e-m/libg.a(lib_a-assert.o)
                0x00000000080084ac                __assert_func
 .text.__assert
                0x00000000080084e8        0xc /usr/bin/../lib/gcc/arm-none-eabi/7.2.1/../../../../arm-none-eabi/lib/thumb/v7e-m/libg.a(lib_a-assert.o)
                0x00000000080084e8                __assert
 .text          0x00000000080084f4        0x0 /usr/bin/../lib/gcc/arm-none-eabi/7.2.1/../../../../arm-none-eabi/lib/thumb/v7e-m/libg.a(lib_a-calloc.o)
 .text.calloc   0x00000000080084f4       0x10 /usr/bin/../lib/gcc/arm-none-eabi/7.2.1/../../../../arm-none-eabi/lib/thumb/v7e-m/libg.a(lib_a-calloc.o)
                0x00000000080084f4                calloc
 .text          0x0000000008008504        0x0 /usr/bin/../lib/gcc/arm-none-eabi/7.2.1/../../../../arm-none-eabi/lib/thumb/v7e-m/libg.a(lib_a-callocr.o)
 .text._calloc_r
                0x0000000008008504       0x68 /usr/bin/../lib/gcc/arm-none-eabi/7.2.1/../../../../arm-none-eabi/lib/thumb/v7e-m/libg.a(lib_a-callocr.o)
                0x0000000008008504                _calloc_r
 .text          0x000000000800856c        0x0 /usr/bin/../lib/gcc/arm-none-eabi/7.2.1/../../../../arm-none-eabi/lib/thumb/v7e-m/libg.a(lib_a-errno.o)
 .text.__errno  0x000000000800856c        0xc /usr/bin/../lib/gcc/arm-none-eabi/7.2.1/../../../../arm-none-eabi/lib/thumb/v7e-m/libg.a(lib_a-errno.o)
                0x000000000800856c                __errno
 .text          0x0000000008008578        0x0 /usr/bin/../lib/gcc/arm-none-eabi/7.2.1/../../../../arm-none-eabi/lib/thumb/v7e-m/libg.a(lib_a-explicit_bzero.o)
 .text.explicit_bzero
                0x0000000008008578        0x4 /usr/bin/../lib/gcc/arm-none-eabi/7.2.1/../../../../arm-none-eabi/lib/thumb/v7e-m/libg.a(lib_a-explicit_bzero.o)
                0x0000000008008578                explicit_bzero
 .text          0x000000000800857c        0x0 /usr/bin/../lib/gcc/arm-none-eabi/7.2.1/../../../../arm-none-eabi/lib/thumb/v7e-m/libg.a(lib_a-fiprintf.o)
 .text._fiprintf_r
                0x000000000800857c       0x1c /usr/bin/../lib/gcc/arm-none-eabi/7.2.1/../../../../arm-none-eabi/lib/thumb/v7e-m/libg.a(lib_a-fiprintf.o)
                0x000000000800857c                _fiprintf_r
 .text.fiprintf
                0x0000000008008598       0x28 /usr/bin/../lib/gcc/arm-none-eabi/7.2.1/../../../../arm-none-eabi/lib/thumb/v7e-m/libg.a(lib_a-fiprintf.o)
                0x0000000008008598                fiprintf
 .text          0x00000000080085c0        0x0 /usr/bin/../lib/gcc/arm-none-eabi/7.2.1/../../../../arm-none-eabi/lib/thumb/v7e-m/libg.a(lib_a-impure.o)
 .text          0x00000000080085c0        0x0 /usr/bin/../lib/gcc/arm-none-eabi/7.2.1/../../../../arm-none-eabi/lib/thumb/v7e-m/libg.a(lib_a-init.o)
 .text.__libc_init_array
                0x00000000080085c0       0x48 /usr/bin/../lib/gcc/arm-none-eabi/7.2.1/../../../../arm-none-eabi/lib/thumb/v7e-m/libg.a(lib_a-init.o)
                0x00000000080085c0                __libc_init_array
 .text          0x0000000008008608        0x0 /usr/bin/../lib/gcc/arm-none-eabi/7.2.1/../../../../arm-none-eabi/lib/thumb/v7e-m/libg.a(lib_a-malloc.o)
 .text.malloc   0x0000000008008608       0x10 /usr/bin/../lib/gcc/arm-none-eabi/7.2.1/../../../../arm-none-eabi/lib/thumb/v7e-m/libg.a(lib_a-malloc.o)
                0x0000000008008608                malloc
 .text.free     0x0000000008008618       0x10 /usr/bin/../lib/gcc/arm-none-eabi/7.2.1/../../../../arm-none-eabi/lib/thumb/v7e-m/libg.a(lib_a-malloc.o)
                0x0000000008008618                free
 .text          0x0000000008008628        0x0 /usr/bin/../lib/gcc/arm-none-eabi/7.2.1/../../../../arm-none-eabi/lib/thumb/v7e-m/libg.a(lib_a-mallocr.o)
 .text._malloc_r
                0x0000000008008628      0x548 /usr/bin/../lib/gcc/arm-none-eabi/7.2.1/../../../../arm-none-eabi/lib/thumb/v7e-m/libg.a(lib_a-mallocr.o)
                0x0000000008008628                _malloc_r
 .text          0x0000000008008b70      0x134 /usr/bin/../lib/gcc/arm-none-eabi/7.2.1/../../../../arm-none-eabi/lib/thumb/v7e-m/libg.a(lib_a-memcpy.o)
                0x0000000008008b70                memcpy
 .text          0x0000000008008ca4        0x0 /usr/bin/../lib/gcc/arm-none-eabi/7.2.1/../../../../arm-none-eabi/lib/thumb/v7e-m/libg.a(lib_a-memmove.o)
 .text.memmove  0x0000000008008ca4       0xc8 /usr/bin/../lib/gcc/arm-none-eabi/7.2.1/../../../../arm-none-eabi/lib/thumb/v7e-m/libg.a(lib_a-memmove.o)
                0x0000000008008ca4                memmove
 .text          0x0000000008008d6c        0x0 /usr/bin/../lib/gcc/arm-none-eabi/7.2.1/../../../../arm-none-eabi/lib/thumb/v7e-m/libg.a(lib_a-memset.o)
 .text.memset   0x0000000008008d6c       0x94 /usr/bin/../lib/gcc/arm-none-eabi/7.2.1/../../../../arm-none-eabi/lib/thumb/v7e-m/libg.a(lib_a-memset.o)
                0x0000000008008d6c                memset
 .text          0x0000000008008e00        0x0 /usr/bin/../lib/gcc/arm-none-eabi/7.2.1/../../../../arm-none-eabi/lib/thumb/v7e-m/libg.a(lib_a-mlock.o)
 .text.__malloc_lock
                0x0000000008008e00        0xc /usr/bin/../lib/gcc/arm-none-eabi/7.2.1/../../../../arm-none-eabi/lib/thumb/v7e-m/libg.a(lib_a-mlock.o)
                0x0000000008008e00                __malloc_lock
 .text.__malloc_unlock
                0x0000000008008e0c        0xc /usr/bin/../lib/gcc/arm-none-eabi/7.2.1/../../../../arm-none-eabi/lib/thumb/v7e-m/libg.a(lib_a-mlock.o)
                0x0000000008008e0c                __malloc_unlock
 .text          0x0000000008008e18        0x0 /usr/bin/../lib/gcc/arm-none-eabi/7.2.1/../../../../arm-none-eabi/lib/thumb/v7e-m/libg.a(lib_a-sbrkr.o)
 .text._sbrk_r  0x0000000008008e18       0x24 /usr/bin/../lib/gcc/arm-none-eabi/7.2.1/../../../../arm-none-eabi/lib/thumb/v7e-m/libg.a(lib_a-sbrkr.o)
                0x0000000008008e18                _sbrk_r
 .text          0x0000000008008e3c        0x0 /usr/bin/../lib/gcc/arm-none-eabi/7.2.1/../../../../arm-none-eabi/lib/thumb/v7e-m/libg.a(lib_a-signal.o)
 .text._init_signal_r.part.0
                0x0000000008008e3c       0x28 /usr/bin/../lib/gcc/arm-none-eabi/7.2.1/../../../../arm-none-eabi/lib/thumb/v7e-m/libg.a(lib_a-signal.o)
 .text._init_signal_r
                0x0000000008008e64       0x10 /usr/bin/../lib/gcc/arm-none-eabi/7.2.1/../../../../arm-none-eabi/lib/thumb/v7e-m/libg.a(lib_a-signal.o)
                0x0000000008008e64                _init_signal_r
 .text._signal_r
                0x0000000008008e74       0x38 /usr/bin/../lib/gcc/arm-none-eabi/7.2.1/../../../../arm-none-eabi/lib/thumb/v7e-m/libg.a(lib_a-signal.o)
                0x0000000008008e74                _signal_r
 .text._raise_r
                0x0000000008008eac       0x58 /usr/bin/../lib/gcc/arm-none-eabi/7.2.1/../../../../arm-none-eabi/lib/thumb/v7e-m/libg.a(lib_a-signal.o)
                0x0000000008008eac                _raise_r
 .text.__sigtramp_r
                0x0000000008008f04       0x54 /usr/bin/../lib/gcc/arm-none-eabi/7.2.1/../../../../arm-none-eabi/lib/thumb/v7e-m/libg.a(lib_a-signal.o)
                0x0000000008008f04                __sigtramp_r
 .text.raise    0x0000000008008f58       0x10 /usr/bin/../lib/gcc/arm-none-eabi/7.2.1/../../../../arm-none-eabi/lib/thumb/v7e-m/libg.a(lib_a-signal.o)
                0x0000000008008f58                raise
 .text.signal   0x0000000008008f68       0x10 /usr/bin/../lib/gcc/arm-none-eabi/7.2.1/../../../../arm-none-eabi/lib/thumb/v7e-m/libg.a(lib_a-signal.o)
                0x0000000008008f68                signal
 .text._init_signal
                0x0000000008008f78       0x18 /usr/bin/../lib/gcc/arm-none-eabi/7.2.1/../../../../arm-none-eabi/lib/thumb/v7e-m/libg.a(lib_a-signal.o)
                0x0000000008008f78                _init_signal
 .text.__sigtramp
                0x0000000008008f90       0x10 /usr/bin/../lib/gcc/arm-none-eabi/7.2.1/../../../../arm-none-eabi/lib/thumb/v7e-m/libg.a(lib_a-signal.o)
                0x0000000008008f90                __sigtramp
 .text          0x0000000008008fa0        0x0 /usr/bin/../lib/gcc/arm-none-eabi/7.2.1/../../../../arm-none-eabi/lib/thumb/v7e-m/libg.a(lib_a-signalr.o)
 .text._kill_r  0x0000000008008fa0       0x28 /usr/bin/../lib/gcc/arm-none-eabi/7.2.1/../../../../arm-none-eabi/lib/thumb/v7e-m/libg.a(lib_a-signalr.o)
                0x0000000008008fa0                _kill_r
 .text._getpid_r
                0x0000000008008fc8        0x4 /usr/bin/../lib/gcc/arm-none-eabi/7.2.1/../../../../arm-none-eabi/lib/thumb/v7e-m/libg.a(lib_a-signalr.o)
                0x0000000008008fc8                _getpid_r
 *fill*         0x0000000008008fcc       0x34 
 .text          0x0000000008009000       0xdc /usr/bin/../lib/gcc/arm-none-eabi/7.2.1/../../../../arm-none-eabi/lib/thumb/v7e-m/libg.a(lib_a-strlen.o)
                0x0000000008009000                strlen
 .text          0x00000000080090dc        0x0 /usr/bin/../lib/gcc/arm-none-eabi/7.2.1/../../../../arm-none-eabi/lib/thumb/v7e-m/libg.a(lib_a-sysclose.o)
 .text.close    0x00000000080090dc       0x10 /usr/bin/../lib/gcc/arm-none-eabi/7.2.1/../../../../arm-none-eabi/lib/thumb/v7e-m/libg.a(lib_a-sysclose.o)
                0x00000000080090dc                close
 .text          0x00000000080090ec        0x0 /usr/bin/../lib/gcc/arm-none-eabi/7.2.1/../../../../arm-none-eabi/lib/thumb/v7e-m/libg.a(lib_a-sysfcntl.o)
 .text.fcntl    0x00000000080090ec       0x10 /usr/bin/../lib/gcc/arm-none-eabi/7.2.1/../../../../arm-none-eabi/lib/thumb/v7e-m/libg.a(lib_a-sysfcntl.o)
                0x00000000080090ec                fcntl